This is LuaHBTeX, Version 1.24.0 (MiKTeX 25.12) (format=lualatex 2026.1.16)  23 JAN 2026 13:27
 restricted system commands enabled.
**ids-performance-paper.tex
(./ids-performance-paper.tex
LaTeX2e <2025-11-01>
L3 programming layer <2025-12-24>
Lua module: luaotfload 2024-12-03 v3.29 Lua based OpenType font support
Lua module: lualibs 2023-07-13 v2.76 ConTeXt Lua standard libraries.
Lua module: lualibs-extended 2023-07-13 v2.76 ConTeXt Lua libraries -- extended 
collection.
luaotfload | conf : Root cache directory is "C:/Users/lizzardkink/AppData/Local/
MiKTeX/luatex-cache/generic/names".
luaotfload | init : Loading fontloader "fontloader-2023-12-28.lua" from kpse-res
olved path "C:/Program Files/MiKTeX/tex/luatex/luaotfload/fontloader-2023-12-28.
lua".
Lua-only attribute luaotfload@noligature = 1
luaotfload | init : Context OpenType loader version 3.134
Inserting `luaotfload.node_processor' in `pre_linebreak_filter'.
Inserting `luaotfload.node_processor' in `hpack_filter'.
Inserting `luaotfload.glyph_stream' in `glyph_stream_provider'.
Inserting `luaotfload.define_font' in `define_font'.
Lua-only attribute luaotfload_color_attribute = 2
luaotfload | conf : Root cache directory is "C:/Users/lizzardkink/AppData/Local/
MiKTeX/luatex-cache/generic/names".
Inserting `luaotfload.harf.strip_prefix' in `find_opentype_file'.
Inserting `luaotfload.harf.strip_prefix' in `find_truetype_file'.
Removing  `luaotfload.glyph_stream' from `glyph_stream_provider'.
Inserting `luaotfload.harf.glyphstream' in `glyph_stream_provider'.
Inserting `luaotfload.harf.finalize_vlist' in `post_linebreak_filter'.
Inserting `luaotfload.harf.finalize_hlist' in `hpack_filter'.
Inserting `luaotfload.cleanup_files' in `wrapup_run'.
Inserting `luaotfload.harf.finalize_unicode' in `finish_pdffile'.
Inserting `luaotfload.glyphinfo' in `glyph_info'.
Lua-only attribute luaotfload.letterspace_done = 3
Inserting `luaotfload.aux.set_sscale_dimens' in `luaotfload.patch_font'.
Inserting `luaotfload.aux.set_font_index' in `luaotfload.patch_font'.
Inserting `luaotfload.aux.patch_cambria_domh' in `luaotfload.patch_font'.
Inserting `luaotfload.aux.fixup_fontdata' in `luaotfload.patch_font_unsafe'.
Inserting `luaotfload.aux.set_capheight' in `luaotfload.patch_font'.
Inserting `luaotfload.aux.set_xheight' in `luaotfload.patch_font'.
Inserting `luaotfload.rewrite_fontname' in `luaotfload.patch_font'.
Inserting `tracingstacklevels' in `input_level_string'. (./llncs.cls
Document Class: llncs 2025/02/25 v2.26 
 LaTeX document class for Lecture Notes in Computer Science
("C:/Program Files/MiKTeX/tex/latex/base/article.cls"
Document Class: article 2025/01/22 v1.4n Standard LaTeX document class
("C:/Program Files/MiKTeX/tex/latex/base/size10.clo"
File: size10.clo 2025/01/22 v1.4n Standard LaTeX file (size option)
luaotfload | db : Font names database loaded from C:/Users/lizzardkink/AppData/L
ocal/MiKTeX/luatex-cache/generic/names/luaotfload-names.luc.gz)
\c@part=\count273
\c@section=\count274
\c@subsection=\count275
\c@subsubsection=\count276
\c@paragraph=\count277
\c@subparagraph=\count278
\c@figure=\count279
\c@table=\count280
\abovecaptionskip=\skip49
\belowcaptionskip=\skip50
\bibindent=\dimen147
)
("C:/Program Files/MiKTeX/tex/latex/tools/multicol.sty"
Package: multicol 2025/10/21 v2.0b multicolumn formatting (FMi)
\c@tracingmulticols=\count281
\mult@box=\box53
\multicol@leftmargin=\dimen148
\c@unbalance=\count282
\c@collectmore=\count283
\doublecol@number=\count284
\multicoltolerance=\count285
\multicolpretolerance=\count286
\full@width=\dimen149
\page@free=\dimen150
\premulticols=\dimen151
\postmulticols=\dimen152
\multicolsep=\skip51
\multicolbaselineskip=\skip52
\partial@page=\box54
\last@line=\box55
\mc@boxedresult=\box56
\maxbalancingoverflow=\dimen153
\mult@rightbox=\box57
\mult@grightbox=\box58
\mult@firstbox=\box59
\mult@gfirstbox=\box60
\@tempa=\box61
\@tempa=\box62
\@tempa=\box63
\@tempa=\box64
\@tempa=\box65
\@tempa=\box66
\@tempa=\box67
\@tempa=\box68
\@tempa=\box69
\@tempa=\box70
\@tempa=\box71
\@tempa=\box72
\@tempa=\box73
\@tempa=\box74
\@tempa=\box75
\@tempa=\box76
\@tempa=\box77
\@tempa=\box78
\@tempa=\box79
\@tempa=\box80
\@tempa=\box81
\@tempa=\box82
\@tempa=\box83
\@tempa=\box84
\@tempa=\box85
\@tempa=\box86
\@tempa=\box87
\@tempa=\box88
\@tempa=\box89
\@tempa=\box90
\@tempa=\box91
\@tempa=\box92
\@tempa=\box93
\@tempa=\box94
\@tempa=\box95
\@tempa=\box96
\c@minrows=\count287
\c@columnbadness=\count288
\c@finalcolumnbadness=\count289
\last@try=\dimen154
\multicolovershoot=\dimen155
\multicolundershoot=\dimen156
\mult@nat@firstbox=\box97
\colbreak@box=\box98
\mc@col@check@num=\count290
\g__mc_curr_col_int=\count291
)
("C:/Program Files/MiKTeX/tex/latex/oberdiek/aliascnt.sty"
Package: aliascnt 2018/09/07 v1.5 Alias counters (HO)
)
\c@chapter=\count292
LaTeX Font Info:    Redeclaring math symbol \Gamma on input line 379.
LaTeX Font Info:    Redeclaring math symbol \Delta on input line 380.
LaTeX Font Info:    Redeclaring math symbol \Theta on input line 381.
LaTeX Font Info:    Redeclaring math symbol \Lambda on input line 382.
LaTeX Font Info:    Redeclaring math symbol \Xi on input line 383.
LaTeX Font Info:    Redeclaring math symbol \Pi on input line 384.
LaTeX Font Info:    Redeclaring math symbol \Sigma on input line 385.
LaTeX Font Info:    Redeclaring math symbol \Upsilon on input line 386.
LaTeX Font Info:    Redeclaring math symbol \Phi on input line 387.
LaTeX Font Info:    Redeclaring math symbol \Psi on input line 388.
LaTeX Font Info:    Redeclaring math symbol \Omega on input line 389.
LaTeX Info: Redefining \vec on input line 394.
\tocchpnum=\dimen157
\tocsecnum=\dimen158
\tocsectotal=\dimen159
\tocsubsecnum=\dimen160
\tocsubsectotal=\dimen161
\tocsubsubsecnum=\dimen162
\tocsubsubsectotal=\dimen163
\tocparanum=\dimen164
\tocparatotal=\dimen165
\tocsubparanum=\dimen166
\@tempcntc=\count293
\fnindent=\dimen167
\c@@inst=\count294
\c@@auth=\count295
\c@auco=\count296
\instindent=\dimen168
\authrun=\box99
\authorrunning=\toks17
\tocauthor=\toks18
\titrun=\box100
\titlerunning=\toks19
\toctitle=\toks20
\c@theorem=\count297
\c@case=\count298
\c@conjecture=\count299
\c@corollary=\count300
\c@definition=\count301
\c@example=\count302
\c@exercise=\count303
\c@lemma=\count304
\c@note=\count305
\c@problem=\count306
\c@property=\count307
\c@proposition=\count308
\c@question=\count309
\c@solution=\count310
\c@remark=\count311
\headlineindent=\dimen169
)
("C:/Program Files/MiKTeX/tex/generic/iftex/iftex.sty"
Package: iftex 2024/12/12 v1.0g TeX engine tests
)
("C:/Program Files/MiKTeX/tex/latex/upquote/upquote.sty"
Package: upquote 2012/04/19 v1.3 upright-quote and grave-accent glyphs in verba
tim

("C:/Program Files/MiKTeX/tex/latex/base/textcomp.sty"
Package: textcomp 2024/04/24 v2.1b Standard LaTeX package
))
("C:/Program Files/MiKTeX/tex/generic/babel/babel.sty"
Package: babel 2025/12/11 v25.17 The multilingual framework for LuaLaTeX, pdfLa
TeX and XeLaTeX

("C:/Program Files/MiKTeX/tex/generic/babel/luababel.def"
\bbl@readstream=\read2
\l@afrikaans=\language2
Package babel Info: Non-standard hyphenation setup on input line 118.
\l@ancientgreek=\language3
\l@armenian=\language4
\l@assamese=\language5
\l@basque=\language6
\l@belarusian=\language7
\l@bengali=\language8
\l@bokmal=\language9
\l@bulgarian=\language10
\l@catalan=\language11
\l@churchslavonic=\language12
\l@classiclatin=\language13
\l@coptic=\language14
\l@croatian=\language15
\l@czech=\language16
\l@danish=\language17
\l@dutch=\language18
\l@esperanto=\language19
\l@estonian=\language20
\l@ethiopic=\language21
\l@finnish=\language22
\l@french=\language23
\l@friulan=\language24
\l@galician=\language25
\l@georgian=\language26
\l@german=\language27
\l@greek=\language28
\l@gujarati=\language29
\l@hindi=\language30
\l@hungarian=\language31
\l@icelandic=\language32
\l@indonesian=\language33
\l@interlingua=\language34
\l@irish=\language35
\l@italian=\language36
\l@kannada=\language37
\l@kurmanji=\language38
\l@latin=\language39
\l@latvian=\language40
\l@lithuanian=\language41
\l@liturgicallatin=\language42
\l@macedonian=\language43
\l@malayalam=\language44
\l@marathi=\language45
\l@mongolian=\language46
\l@mongolianlmc=\language47
\l@monogreek=\language48
\l@ngerman=\language49
\l@nynorsk=\language50
\l@occitan=\language51
\l@oriya=\language52
\l@pali=\language53
\l@panjabi=\language54
\l@piedmontese=\language55
\l@polish=\language56
\l@portuguese=\language57
\l@romanian=\language58
\l@romansh=\language59
\l@russian=\language60
\l@sanskrit=\language61
\l@serbian=\language62
\l@serbianc=\language63
\l@slovak=\language64
\l@slovenian=\language65
\l@spanish=\language66
\l@swedish=\language67
\l@swissgerman=\language68
\l@tamil=\language69
\l@telugu=\language70
\l@thai=\language71
\l@turkish=\language72
\l@turkmen=\language73
\l@ukenglish=\language74
\l@ukrainian=\language75
\l@uppersorbian=\language76
\l@usenglishmax=\language77
\l@welsh=\language78
\babelcatcodetablenum=\catcodetable14
\bbl@pattcodes=\catcodetable15
)
\babel@savecnt=\count312
LaTeX Encoding Info:    Redeclaring text command \ij (encoding OT1) on input li
ne 2068.
LaTeX Encoding Info:    Redeclaring text command \IJ (encoding OT1) on input li
ne 2070.
LaTeX Encoding Info:    Redeclaring text command \ij (encoding T1) on input lin
e 2072.
LaTeX Encoding Info:    Redeclaring text command \IJ (encoding T1) on input lin
e 2073.
LaTeX Encoding Info:    Ignoring declaration for text command \ij (encoding ?) 
on input line 2074.
LaTeX Encoding Info:    Ignoring declaration for text command \IJ (encoding ?) 
on input line 2076.
LaTeX Encoding Info:    Ignoring declaration for text command \SS (encoding ?) 
on input line 2101.
\U@D=\dimen170
\l@unhyphenated=\language79

("C:/Program Files/MiKTeX/tex/generic/babel/luababel.def"
\bbl@attr@locale=\attribute4
)
Package babel Info: Configuration files are deprecated, as
(babel)             they can break document portability.
(babel)             Reported on input line 4196.

*************************************
* Local config file bblopts.cfg used
*
("C:/Program Files/MiKTeX/tex/latex/arabi/bblopts.cfg"
File: bblopts.cfg 2005/09/08 v0.1 add Arabic and Farsi to "declared" options of
 babel
)
("C:/Program Files/MiKTeX/tex/generic/babel/locale/en/babel-english.tex")
("C:/Program Files/MiKTeX/tex/generic/babel/locale/invalid/babel-ngerman.tex")
("C:/Program Files/MiKTeX/tex/generic/babel/locale/en/babel-english.tex")
Package babel Info: Importing font and identification data for ngerman
(babel)             from babel-de.ini. Reported on input line 4320.

("C:/Program Files/MiKTeX/tex/latex/babel-german/ngerman.ldf"
Language: ngerman 2024/12/10 v2.15 German support for babel (post-1996 orthogra
phy)

("C:/Program Files/MiKTeX/tex/latex/babel-german/ngermanb.ldf"
Language: ngermanb 2024/12/10 v2.15 German support for babel (post-1996 orthogr
aphy)
Package babel Info: Making " an active character on input line 122.

("C:/Program Files/MiKTeX/tex/generic/hyph-utf8/loadhyph/loadhyph-de-1996.tex"
UTF-8 German hyphenation patterns (reformed orthography)
("C:/Program Files/MiKTeX/tex/generic/hyph-utf8/patterns/tex/hyph-de-1996.tex"
German Hyphenation Patterns (Reformed Orthography, 2006) `dehyphn-x' 2024-02-28
 (WL)))))
Package babel Info: Importing font and identification data for english
(babel)             from babel-en.ini. Reported on input line 4320.
 ("C:/Program Files/MiKTeX/tex/latex/babel-english/english.ldf"
Language: english 2017/06/06 v3.3r English support from the babel system
Package babel Info: Hyphen rules for 'canadian' set to \l@english
(babel)             (\language0). Reported on input line 102.
Package babel Info: Hyphen rules for 'australian' set to \l@ukenglish
(babel)             (\language74). Reported on input line 105.
Package babel Info: Hyphen rules for 'newzealand' set to \l@ukenglish
(babel)             (\language74). Reported on input line 108.
))
("C:/Program Files/MiKTeX/tex/latex/url/url.sty"
\Urlmuskip=\muskip17
Package: url 2013/09/16  ver 3.4  Verb mode for urls, etc.
)
("C:/Program Files/MiKTeX/tex/latex/fontspec/fontspec.sty"
("C:/Program Files/MiKTeX/tex/latex/l3packages/xparse/xparse.sty"
("C:/Program Files/MiKTeX/tex/latex/l3kernel/expl3.sty"
Package: expl3 2025-12-24 L3 programming layer (loader) 

("C:/Program Files/MiKTeX/tex/latex/l3backend/l3backend-luatex.def"
File: l3backend-luatex.def 2025-10-09 L3 backend support: PDF output (LuaTeX)
\l__color_backend_stack_int=\count313
Inserting `l3color' in `luaotfload.parse_color'.))
Package: xparse 2025-10-09 L3 Experimental document command parser
)
Package: fontspec 2025/09/29 v2.9g Font selection for XeLaTeX and LuaLaTeX
Lua module: fontspec 2025/09/29 v2.9g Font selection for XeLaTeX and LuaLaTeX
("C:/Program Files/MiKTeX/tex/latex/fontspec/fontspec-luatex.sty"
Package: fontspec-luatex 2025/09/29 v2.9g Font selection for XeLaTeX and LuaLaT
eX
\l__fontspec_script_int=\count314
\l__fontspec_language_int=\count315
\l__fontspec_strnum_int=\count316
\l__fontspec_tmp_int=\count317
\l__fontspec_tmpa_int=\count318
\l__fontspec_tmpb_int=\count319
\l__fontspec_tmpc_int=\count320
\l__fontspec_em_int=\count321
\l__fontspec_emdef_int=\count322
\l__fontspec_strong_int=\count323
\l__fontspec_strongdef_int=\count324
\l__fontspec_tmpa_dim=\dimen171
\l__fontspec_tmpb_dim=\dimen172
\l__fontspec_tmpc_dim=\dimen173

("C:/Program Files/MiKTeX/tex/latex/base/fontenc.sty"
Package: fontenc 2025/07/18 v2.1d Standard LaTeX package
)
("C:/Program Files/MiKTeX/tex/latex/fontspec/fontspec.cfg")))
("C:/Program Files/MiKTeX/tex/latex/unicode-math/unicode-math.sty"
Package: unicode-math 2023/08/13 v0.8r Unicode maths in XeLaTeX and LuaLaTeX

("C:/Program Files/MiKTeX/tex/latex/unicode-math/unicode-math-luatex.sty"
Package: unicode-math-luatex 2023/08/13 v0.8r Unicode maths in XeLaTeX and LuaL
aTeX

("C:/Program Files/MiKTeX/tex/latex/l3packages/l3keys2e/l3keys2e.sty"
Package: l3keys2e 2025-10-09 LaTeX2e option processing using LaTeX3 keys
)
("C:/Program Files/MiKTeX/tex/latex/base/fix-cm.sty"
Package: fix-cm 2020/11/24 v1.1t fixes to LaTeX

("C:/Program Files/MiKTeX/tex/latex/base/ts1enc.def"
File: ts1enc.def 2001/06/05 v3.0e (jk/car/fm) Standard LaTeX file
LaTeX Font Info:    Redeclaring font encoding TS1 on input line 47.
LaTeX Encoding Info:    Redeclaring text command \capitalcedilla (encoding TS1)
 on input line 49.
LaTeX Encoding Info:    Redeclaring text command \capitalogonek (encoding TS1) 
on input line 52.
LaTeX Encoding Info:    Redeclaring text command \capitalgrave (encoding TS1) o
n input line 55.
LaTeX Encoding Info:    Redeclaring text command \capitalacute (encoding TS1) o
n input line 56.
LaTeX Encoding Info:    Redeclaring text command \capitalcircumflex (encoding T
S1) on input line 57.
LaTeX Encoding Info:    Redeclaring text command \capitaltilde (encoding TS1) o
n input line 58.
LaTeX Encoding Info:    Redeclaring text command \capitaldieresis (encoding TS1
) on input line 59.
LaTeX Encoding Info:    Redeclaring text command \capitalhungarumlaut (encoding
 TS1) on input line 60.
LaTeX Encoding Info:    Redeclaring text command \capitalring (encoding TS1) on
 input line 61.
LaTeX Encoding Info:    Redeclaring text command \capitalcaron (encoding TS1) o
n input line 62.
LaTeX Encoding Info:    Redeclaring text command \capitalbreve (encoding TS1) o
n input line 63.
LaTeX Encoding Info:    Redeclaring text command \capitalmacron (encoding TS1) 
on input line 64.
LaTeX Encoding Info:    Redeclaring text command \capitaldotaccent (encoding TS
1) on input line 65.
LaTeX Encoding Info:    Redeclaring text command \t (encoding TS1) on input lin
e 66.
LaTeX Encoding Info:    Redeclaring text command \capitaltie (encoding TS1) on 
input line 67.
LaTeX Encoding Info:    Redeclaring text command \newtie (encoding TS1) on inpu
t line 68.
LaTeX Encoding Info:    Redeclaring text command \capitalnewtie (encoding TS1) 
on input line 69.
LaTeX Encoding Info:    Redeclaring text symbol \textcapitalcompwordmark (encod
ing TS1) on input line 70.
LaTeX Encoding Info:    Redeclaring text symbol \textascendercompwordmark (enco
ding TS1) on input line 71.
LaTeX Encoding Info:    Redeclaring text symbol \textquotestraightbase (encodin
g TS1) on input line 72.
LaTeX Encoding Info:    Redeclaring text symbol \textquotestraightdblbase (enco
ding TS1) on input line 73.
LaTeX Encoding Info:    Redeclaring text symbol \texttwelveudash (encoding TS1)
 on input line 74.
LaTeX Encoding Info:    Redeclaring text symbol \textthreequartersemdash (encod
ing TS1) on input line 75.
LaTeX Encoding Info:    Redeclaring text symbol \textleftarrow (encoding TS1) o
n input line 76.
LaTeX Encoding Info:    Redeclaring text symbol \textrightarrow (encoding TS1) 
on input line 77.
LaTeX Encoding Info:    Redeclaring text symbol \textblank (encoding TS1) on in
put line 78.
LaTeX Encoding Info:    Redeclaring text symbol \textdollar (encoding TS1) on i
nput line 79.
LaTeX Encoding Info:    Redeclaring text symbol \textquotesingle (encoding TS1)
 on input line 80.
LaTeX Encoding Info:    Redeclaring text command \textasteriskcentered (encodin
g TS1) on input line 81.
LaTeX Encoding Info:    Redeclaring text symbol \textdblhyphen (encoding TS1) o
n input line 92.
LaTeX Encoding Info:    Redeclaring text symbol \textfractionsolidus (encoding 
TS1) on input line 93.
LaTeX Encoding Info:    Redeclaring text symbol \textzerooldstyle (encoding TS1
) on input line 94.
LaTeX Encoding Info:    Redeclaring text symbol \textoneoldstyle (encoding TS1)
 on input line 95.
LaTeX Encoding Info:    Redeclaring text symbol \texttwooldstyle (encoding TS1)
 on input line 96.
LaTeX Encoding Info:    Redeclaring text symbol \textthreeoldstyle (encoding TS
1) on input line 97.
LaTeX Encoding Info:    Redeclaring text symbol \textfouroldstyle (encoding TS1
) on input line 98.
LaTeX Encoding Info:    Redeclaring text symbol \textfiveoldstyle (encoding TS1
) on input line 99.
LaTeX Encoding Info:    Redeclaring text symbol \textsixoldstyle (encoding TS1)
 on input line 100.
LaTeX Encoding Info:    Redeclaring text symbol \textsevenoldstyle (encoding TS
1) on input line 101.
LaTeX Encoding Info:    Redeclaring text symbol \texteightoldstyle (encoding TS
1) on input line 102.
LaTeX Encoding Info:    Redeclaring text symbol \textnineoldstyle (encoding TS1
) on input line 103.
LaTeX Encoding Info:    Redeclaring text symbol \textlangle (encoding TS1) on i
nput line 104.
LaTeX Encoding Info:    Redeclaring text symbol \textminus (encoding TS1) on in
put line 105.
LaTeX Encoding Info:    Redeclaring text symbol \textrangle (encoding TS1) on i
nput line 106.
LaTeX Encoding Info:    Redeclaring text symbol \textmho (encoding TS1) on inpu
t line 107.
LaTeX Encoding Info:    Redeclaring text symbol \textbigcircle (encoding TS1) o
n input line 108.
LaTeX Encoding Info:    Redeclaring text command \textcircled (encoding TS1) on
 input line 109.
LaTeX Encoding Info:    Redeclaring text symbol \textohm (encoding TS1) on inpu
t line 115.
LaTeX Encoding Info:    Redeclaring text symbol \textlbrackdbl (encoding TS1) o
n input line 116.
LaTeX Encoding Info:    Redeclaring text symbol \textrbrackdbl (encoding TS1) o
n input line 117.
LaTeX Encoding Info:    Redeclaring text symbol \textuparrow (encoding TS1) on 
input line 118.
LaTeX Encoding Info:    Redeclaring text symbol \textdownarrow (encoding TS1) o
n input line 119.
LaTeX Encoding Info:    Redeclaring text symbol \textasciigrave (encoding TS1) 
on input line 120.
LaTeX Encoding Info:    Redeclaring text symbol \textborn (encoding TS1) on inp
ut line 121.
LaTeX Encoding Info:    Redeclaring text symbol \textdivorced (encoding TS1) on
 input line 122.
LaTeX Encoding Info:    Redeclaring text symbol \textdied (encoding TS1) on inp
ut line 123.
LaTeX Encoding Info:    Redeclaring text symbol \textleaf (encoding TS1) on inp
ut line 124.
LaTeX Encoding Info:    Redeclaring text symbol \textmarried (encoding TS1) on 
input line 125.
LaTeX Encoding Info:    Redeclaring text symbol \textmusicalnote (encoding TS1)
 on input line 126.
LaTeX Encoding Info:    Redeclaring text symbol \texttildelow (encoding TS1) on
 input line 127.
LaTeX Encoding Info:    Redeclaring text symbol \textdblhyphenchar (encoding TS
1) on input line 128.
LaTeX Encoding Info:    Redeclaring text symbol \textasciibreve (encoding TS1) 
on input line 129.
LaTeX Encoding Info:    Redeclaring text symbol \textasciicaron (encoding TS1) 
on input line 130.
LaTeX Encoding Info:    Redeclaring text symbol \textacutedbl (encoding TS1) on
 input line 131.
LaTeX Encoding Info:    Redeclaring text symbol \textgravedbl (encoding TS1) on
 input line 132.
LaTeX Encoding Info:    Redeclaring text symbol \textdagger (encoding TS1) on i
nput line 133.
LaTeX Encoding Info:    Redeclaring text symbol \textdaggerdbl (encoding TS1) o
n input line 134.
LaTeX Encoding Info:    Redeclaring text symbol \textbardbl (encoding TS1) on i
nput line 135.
LaTeX Encoding Info:    Redeclaring text symbol \textperthousand (encoding TS1)
 on input line 136.
LaTeX Encoding Info:    Redeclaring text symbol \textbullet (encoding TS1) on i
nput line 137.
LaTeX Encoding Info:    Redeclaring text symbol \textcelsius (encoding TS1) on 
input line 138.
LaTeX Encoding Info:    Redeclaring text symbol \textdollaroldstyle (encoding T
S1) on input line 139.
LaTeX Encoding Info:    Redeclaring text symbol \textcentoldstyle (encoding TS1
) on input line 140.
LaTeX Encoding Info:    Redeclaring text symbol \textflorin (encoding TS1) on i
nput line 141.
LaTeX Encoding Info:    Redeclaring text symbol \textcolonmonetary (encoding TS
1) on input line 142.
LaTeX Encoding Info:    Redeclaring text symbol \textwon (encoding TS1) on inpu
t line 143.
LaTeX Encoding Info:    Redeclaring text symbol \textnaira (encoding TS1) on in
put line 144.
LaTeX Encoding Info:    Redeclaring text symbol \textguarani (encoding TS1) on 
input line 145.
LaTeX Encoding Info:    Redeclaring text symbol \textpeso (encoding TS1) on inp
ut line 146.
LaTeX Encoding Info:    Redeclaring text symbol \textlira (encoding TS1) on inp
ut line 147.
LaTeX Encoding Info:    Redeclaring text symbol \textrecipe (encoding TS1) on i
nput line 148.
LaTeX Encoding Info:    Redeclaring text symbol \textinterrobang (encoding TS1)
 on input line 149.
LaTeX Encoding Info:    Redeclaring text symbol \textinterrobangdown (encoding 
TS1) on input line 150.
LaTeX Encoding Info:    Redeclaring text symbol \textdong (encoding TS1) on inp
ut line 151.
LaTeX Encoding Info:    Redeclaring text symbol \texttrademark (encoding TS1) o
n input line 152.
LaTeX Encoding Info:    Redeclaring text symbol \textpertenthousand (encoding T
S1) on input line 153.
LaTeX Encoding Info:    Redeclaring text symbol \textpilcrow (encoding TS1) on 
input line 154.
LaTeX Encoding Info:    Redeclaring text symbol \textbaht (encoding TS1) on inp
ut line 155.
LaTeX Encoding Info:    Redeclaring text symbol \textnumero (encoding TS1) on i
nput line 156.
LaTeX Encoding Info:    Redeclaring text symbol \textdiscount (encoding TS1) on
 input line 157.
LaTeX Encoding Info:    Redeclaring text symbol \textestimated (encoding TS1) o
n input line 158.
LaTeX Encoding Info:    Redeclaring text symbol \textopenbullet (encoding TS1) 
on input line 159.
LaTeX Encoding Info:    Redeclaring text symbol \textservicemark (encoding TS1)
 on input line 160.
LaTeX Encoding Info:    Redeclaring text symbol \textlquill (encoding TS1) on i
nput line 161.
LaTeX Encoding Info:    Redeclaring text symbol \textrquill (encoding TS1) on i
nput line 162.
LaTeX Encoding Info:    Redeclaring text symbol \textcent (encoding TS1) on inp
ut line 163.
LaTeX Encoding Info:    Redeclaring text symbol \textsterling (encoding TS1) on
 input line 164.
LaTeX Encoding Info:    Redeclaring text symbol \textcurrency (encoding TS1) on
 input line 165.
LaTeX Encoding Info:    Redeclaring text symbol \textyen (encoding TS1) on inpu
t line 166.
LaTeX Encoding Info:    Redeclaring text symbol \textbrokenbar (encoding TS1) o
n input line 167.
LaTeX Encoding Info:    Redeclaring text symbol \textsection (encoding TS1) on 
input line 168.
LaTeX Encoding Info:    Redeclaring text symbol \textasciidieresis (encoding TS
1) on input line 169.
LaTeX Encoding Info:    Redeclaring text symbol \textcopyright (encoding TS1) o
n input line 170.
LaTeX Encoding Info:    Redeclaring text symbol \textordfeminine (encoding TS1)
 on input line 171.
LaTeX Encoding Info:    Redeclaring text symbol \textcopyleft (encoding TS1) on
 input line 172.
LaTeX Encoding Info:    Redeclaring text symbol \textlnot (encoding TS1) on inp
ut line 173.
LaTeX Encoding Info:    Redeclaring text symbol \textcircledP (encoding TS1) on
 input line 174.
LaTeX Encoding Info:    Redeclaring text symbol \textregistered (encoding TS1) 
on input line 175.
LaTeX Encoding Info:    Redeclaring text symbol \textasciimacron (encoding TS1)
 on input line 176.
LaTeX Encoding Info:    Redeclaring text symbol \textdegree (encoding TS1) on i
nput line 177.
LaTeX Encoding Info:    Redeclaring text symbol \textpm (encoding TS1) on input
 line 178.
LaTeX Encoding Info:    Redeclaring text symbol \texttwosuperior (encoding TS1)
 on input line 179.
LaTeX Encoding Info:    Redeclaring text symbol \textthreesuperior (encoding TS
1) on input line 180.
LaTeX Encoding Info:    Redeclaring text symbol \textasciiacute (encoding TS1) 
on input line 181.
LaTeX Encoding Info:    Redeclaring text symbol \textmu (encoding TS1) on input
 line 182.
LaTeX Encoding Info:    Redeclaring text symbol \textparagraph (encoding TS1) o
n input line 183.
LaTeX Encoding Info:    Redeclaring text symbol \textperiodcentered (encoding T
S1) on input line 184.
LaTeX Encoding Info:    Redeclaring text symbol \textreferencemark (encoding TS
1) on input line 185.
LaTeX Encoding Info:    Redeclaring text symbol \textonesuperior (encoding TS1)
 on input line 186.
LaTeX Encoding Info:    Redeclaring text symbol \textordmasculine (encoding TS1
) on input line 187.
LaTeX Encoding Info:    Redeclaring text symbol \textsurd (encoding TS1) on inp
ut line 188.
LaTeX Encoding Info:    Redeclaring text symbol \textonequarter (encoding TS1) 
on input line 189.
LaTeX Encoding Info:    Redeclaring text symbol \textonehalf (encoding TS1) on 
input line 190.
LaTeX Encoding Info:    Redeclaring text symbol \textthreequarters (encoding TS
1) on input line 191.
LaTeX Encoding Info:    Redeclaring text symbol \texteuro (encoding TS1) on inp
ut line 192.
LaTeX Encoding Info:    Redeclaring text symbol \texttimes (encoding TS1) on in
put line 193.
LaTeX Encoding Info:    Redeclaring text symbol \textdiv (encoding TS1) on inpu
t line 194.
))
("C:/Program Files/MiKTeX/tex/latex/amsmath/amsmath.sty"
Package: amsmath 2025/07/09 v2.17z AMS math features
\@mathmargin=\skip53

For additional information on amsmath, use the `?' option.
("C:/Program Files/MiKTeX/tex/latex/amsmath/amstext.sty"
Package: amstext 2024/11/17 v2.01 AMS text

("C:/Program Files/MiKTeX/tex/latex/amsmath/amsgen.sty"
File: amsgen.sty 1999/11/30 v2.0 generic functions
\@emptytoks=\toks21
\ex@=\dimen174
))
("C:/Program Files/MiKTeX/tex/latex/amsmath/amsbsy.sty"
Package: amsbsy 1999/11/29 v1.2d Bold Symbols
\pmbraise@=\dimen175
)
("C:/Program Files/MiKTeX/tex/latex/amsmath/amsopn.sty"
Package: amsopn 2022/04/08 v2.04 operator names
)
\inf@bad=\count325
LaTeX Info: Redefining \frac on input line 235.
\uproot@=\count326
\leftroot@=\count327
LaTeX Info: Redefining \overline on input line 398.
LaTeX Info: Redefining \colon on input line 409.
\classnum@=\count328
\DOTSCASE@=\count329
LaTeX Info: Redefining \ldots on input line 495.
LaTeX Info: Redefining \dots on input line 498.
LaTeX Info: Redefining \cdots on input line 619.
\Mathstrutbox@=\box101
\strutbox@=\box102
LaTeX Info: Redefining \big on input line 721.
LaTeX Info: Redefining \Big on input line 722.
LaTeX Info: Redefining \bigg on input line 723.
LaTeX Info: Redefining \Bigg on input line 724.
\big@size=\dimen176
LaTeX Font Info:    Redeclaring font encoding OML on input line 742.
LaTeX Font Info:    Redeclaring font encoding OMS on input line 743.


Package amsmath Warning: Unable to redefine math accent \vec.

\macc@depth=\count330
LaTeX Info: Redefining \bmod on input line 904.
LaTeX Info: Redefining \pmod on input line 909.
LaTeX Info: Redefining \smash on input line 939.
LaTeX Info: Redefining \relbar on input line 969.
LaTeX Info: Redefining \Relbar on input line 970.
\c@MaxMatrixCols=\count331
\dotsspace@=\muskip18
\c@parentequation=\count332
\dspbrk@lvl=\count333
\tag@help=\toks22
\row@=\count334
\column@=\count335
\maxfields@=\count336
\andhelp@=\toks23
\eqnshift@=\dimen177
\alignsep@=\dimen178
\tagshift@=\dimen179
\tagwidth@=\dimen180
\totwidth@=\dimen181
\lineht@=\dimen182
\@envbody=\toks24
\multlinegap=\skip54
\multlinetaggap=\skip55
\mathdisplay@stack=\toks25
LaTeX Info: Redefining \[ on input line 2950.
LaTeX Info: Redefining \] on input line 2951.
) ("C:/Program Files/MiKTeX/tex/lualatex/lualatex-math/lualatex-math.sty"
Package: lualatex-math 2022/01/01 v1.12 Patches for mathematics typesetting wit
h LuaLaTeX

("C:/Program Files/MiKTeX/tex/latex/etoolbox/etoolbox.sty"
Package: etoolbox 2025/10/02 v2.5m e-TeX tools for LaTeX (JAW)
\etb@tempcnta=\count337
)
Lua module: lualatex-math 2013/08/03 v1.3 Patches for mathematics typesetting wi
th LuaLaTeX)
\g__um_fam_int=\count338
\g__um_fonts_used_int=\count339
\l__um_primecount_int=\count340
\g__um_primekern_muskip=\muskip19

("C:/Program Files/MiKTeX/tex/latex/unicode-math/unicode-math-table.tex")))
("C:/Program Files/MiKTeX/tex/latex/newcomputermodern/NewCM10-Regular.fontspec"
)

Package fontspec Info: 
(fontspec)             Font family 'NewCM10-Regular.otf(0)' created for font
(fontspec)             'NewCM10-Regular.otf' with options
(fontspec)             [Ligatures=TeX,UprightFont={NewCM10-Regular.otf},Upright
Features={SizeFeatures={{Size={-8},Font={NewCM08-Regular.otf}},{Size={8-},Font=
{NewCM10-Regular.otf}}}},ItalicFont={NewCM10-Italic.otf},ItalicFeatures={SizeFe
atures={{Size={-8},Font={NewCM08-Italic.otf}},{Size={8-},Font={NewCM10-Italic.o
tf}}}},BoldFont={NewCM10-Bold.otf},BoldFeatures={SizeFeatures={{Size={0-},Font=
{NewCM10-Bold.otf}}}},BoldItalicFont={NewCM10-BoldItalic.otf},BoldItalicFeature
s={SizeFeatures={{Size={0-},Font={NewCM10-BoldItalic.otf}}}},SlantedFont={NewCM
10-Regular.otf},SlantedFeatures={SizeFeatures={{Size={-8},Font={NewCM08-Regular
.otf}},{Size={8-},Font={NewCM10-Regular.otf}}}},BoldSlantedFont={NewCM10-Bold.o
tf},BoldSlantedFeatures={SizeFeatures={{Size={0-},Font={NewCM10-Bold.otf}}}},Sw
ashFont={NewCM10-Regular.otf},SwashFeatures={SizeFeatures={{Size={-8},Font={New
CM08-Regular.otf}},{Size={8-},Font={NewCM10-Regular.otf}}}},BoldSwashFont={NewC
M10-Bold.otf},BoldSwashFeatures={SizeFeatures={{Size={0-},Font={NewCM10-Bold.ot
f}}}},ItalicFont=NewCM10-Italic.otf,BoldFont=NewCM10-Bold.otf,BoldItalicFont=Ne
wCM10-BoldItalic.otf,SmallCapsFeatures={Numbers=OldStyle}].
(fontspec)              
(fontspec)              This font family consists of the following NFSS
(fontspec)             series/shapes:
(fontspec)              
(fontspec)             - 'normal' (m/n) with NFSS spec.:
(fontspec)             <-8>"[NewCM08-Regular.otf]:mode=node;script=latn;languag
e=dflt;+tlig;"<8->"[NewCM10-Regular.otf]:mode=node;script=latn;language=dflt;+t
lig;"
(fontspec)             - 'small caps'  (m/sc) with NFSS spec.:
(fontspec)             <-8>"[NewCM08-Regular.otf]:mode=node;script=latn;languag
e=dflt;+tlig;+smcp;+onum;"<8->"[NewCM10-Regular.otf]:mode=node;script=latn;lang
uage=dflt;+tlig;+smcp;+onum;"
(fontspec)             - 'bold' (b/n) with NFSS spec.:
(fontspec)             <0->"[NewCM10-Bold.otf]:mode=node;script=latn;language=d
flt;+tlig;"
(fontspec)             - 'bold small caps'  (b/sc) with NFSS spec.:
(fontspec)             <0->"[NewCM10-Bold.otf]:mode=node;script=latn;language=d
flt;+tlig;+smcp;+onum;"
(fontspec)             - 'italic' (m/it) with NFSS spec.:
(fontspec)             <-8>"[NewCM08-Italic.otf]:mode=node;script=latn;language
=dflt;+tlig;"<8->"[NewCM10-Italic.otf]:mode=node;script=latn;language=dflt;+tli
g;"
(fontspec)             - 'italic small caps'  (m/scit) with NFSS spec.:
(fontspec)             <-8>"[NewCM08-Italic.otf]:mode=node;script=latn;language
=dflt;+tlig;+smcp;+onum;"<8->"[NewCM10-Italic.otf]:mode=node;script=latn;langua
ge=dflt;+tlig;+smcp;+onum;"
(fontspec)             - 'slanted' (m/sl) with NFSS spec.:
(fontspec)             <-8>"[NewCM08-Regular.otf]:mode=node;script=latn;languag
e=dflt;+tlig;"<8->"[NewCM10-Regular.otf]:mode=node;script=latn;language=dflt;+t
lig;"
(fontspec)             - 'slanted small caps'  (m/scsl) with NFSS spec.:
(fontspec)             <-8>"[NewCM08-Regular.otf]:mode=node;script=latn;languag
e=dflt;+tlig;+smcp;+onum;"<8->"[NewCM10-Regular.otf]:mode=node;script=latn;lang
uage=dflt;+tlig;+smcp;+onum;"
(fontspec)             - 'swash' (m/sw) with NFSS spec.:
(fontspec)             <-8>"[NewCM08-Regular.otf]:mode=node;script=latn;languag
e=dflt;+tlig;"<8->"[NewCM10-Regular.otf]:mode=node;script=latn;language=dflt;+t
lig;"
(fontspec)             -  (m/scsw) with NFSS spec.:
(fontspec)             <-8>"[NewCM08-Regular.otf]:mode=node;script=latn;languag
e=dflt;+tlig;+smcp;+onum;"<8->"[NewCM10-Regular.otf]:mode=node;script=latn;lang
uage=dflt;+tlig;+smcp;+onum;"
(fontspec)             - 'bold italic' (b/it) with NFSS spec.:
(fontspec)             <0->"[NewCM10-BoldItalic.otf]:mode=node;script=latn;lang
uage=dflt;+tlig;"
(fontspec)             - 'bold italic small caps'  (b/scit) with NFSS spec.:
(fontspec)             <0->"[NewCM10-BoldItalic.otf]:mode=node;script=latn;lang
uage=dflt;+tlig;+smcp;+onum;"
(fontspec)             - 'bold slanted' (b/sl) with NFSS spec.:
(fontspec)             <0->"[NewCM10-Bold.otf]:mode=node;script=latn;language=d
flt;+tlig;"
(fontspec)             - 'bold slanted small caps'  (b/scsl) with NFSS spec.:
(fontspec)             <0->"[NewCM10-Bold.otf]:mode=node;script=latn;language=d
flt;+tlig;+smcp;+onum;"
(fontspec)             - 'bold swash' (b/sw) with NFSS spec.:
(fontspec)             <0->"[NewCM10-Bold.otf]:mode=node;script=latn;language=d
flt;+tlig;"
(fontspec)             -  (b/scsw) with NFSS spec.:
(fontspec)             <0->"[NewCM10-Bold.otf]:mode=node;script=latn;language=d
flt;+tlig;+smcp;+onum;"


Package fontspec Info: 
(fontspec)             Font family 'NewCM10-Regular.otf(1)' created for font
(fontspec)             'NewCM10-Regular.otf' with options
(fontspec)             [UprightFont={NewCM10-Regular.otf},UprightFeatures={Size
Features={{Size={-8},Font={NewCM08-Regular.otf}},{Size={8-},Font={NewCM10-Regul
ar.otf}}}},ItalicFont={NewCM10-Italic.otf},ItalicFeatures={SizeFeatures={{Size=
{-8},Font={NewCM08-Italic.otf}},{Size={8-},Font={NewCM10-Italic.otf}}}},BoldFon
t={NewCM10-Bold.otf},BoldFeatures={SizeFeatures={{Size={0-},Font={NewCM10-Bold.
otf}}}},BoldItalicFont={NewCM10-BoldItalic.otf},BoldItalicFeatures={SizeFeature
s={{Size={0-},Font={NewCM10-BoldItalic.otf}}}},SlantedFont={NewCM10-Regular.otf
},SlantedFeatures={SizeFeatures={{Size={-8},Font={NewCM08-Regular.otf}},{Size={
8-},Font={NewCM10-Regular.otf}}}},BoldSlantedFont={NewCM10-Bold.otf},BoldSlante
dFeatures={SizeFeatures={{Size={0-},Font={NewCM10-Bold.otf}}}},SwashFont={NewCM
10-Regular.otf},SwashFeatures={SizeFeatures={{Size={-8},Font={NewCM08-Regular.o
tf}},{Size={8-},Font={NewCM10-Regular.otf}}}},BoldSwashFont={NewCM10-Bold.otf},
BoldSwashFeatures={SizeFeatures={{Size={0-},Font={NewCM10-Bold.otf}}}},Renderer
=Basic,ItalicFont=NewCM10-Italic.otf,BoldFont=NewCM10-Bold.otf,BoldItalicFont=N
ewCM10-BoldItalic.otf,SmallCapsFeatures={Numbers=OldStyle}].
(fontspec)              
(fontspec)              This font family consists of the following NFSS
(fontspec)             series/shapes:
(fontspec)              
(fontspec)             - 'normal' (m/n) with NFSS spec.:
(fontspec)             <-8>"[NewCM08-Regular.otf]:mode=base;script=latn;languag
e=dflt;"<8->"[NewCM10-Regular.otf]:mode=base;script=latn;language=dflt;"
(fontspec)             - 'small caps'  (m/sc) with NFSS spec.:
(fontspec)             <-8>"[NewCM08-Regular.otf]:mode=base;script=latn;languag
e=dflt;+smcp;+onum;"<8->"[NewCM10-Regular.otf]:mode=base;script=latn;language=d
flt;+smcp;+onum;"
(fontspec)             - 'bold' (b/n) with NFSS spec.:
(fontspec)             <0->"[NewCM10-Bold.otf]:mode=base;script=latn;language=d
flt;"
(fontspec)             - 'bold small caps'  (b/sc) with NFSS spec.:
(fontspec)             <0->"[NewCM10-Bold.otf]:mode=base;script=latn;language=d
flt;+smcp;+onum;"
(fontspec)             - 'italic' (m/it) with NFSS spec.:
(fontspec)             <-8>"[NewCM08-Italic.otf]:mode=base;script=latn;language
=dflt;"<8->"[NewCM10-Italic.otf]:mode=base;script=latn;language=dflt;"
(fontspec)             - 'italic small caps'  (m/scit) with NFSS spec.:
(fontspec)             <-8>"[NewCM08-Italic.otf]:mode=base;script=latn;language
=dflt;+smcp;+onum;"<8->"[NewCM10-Italic.otf]:mode=base;script=latn;language=dfl
t;+smcp;+onum;"
(fontspec)             - 'slanted' (m/sl) with NFSS spec.:
(fontspec)             <-8>"[NewCM08-Regular.otf]:mode=base;script=latn;languag
e=dflt;"<8->"[NewCM10-Regular.otf]:mode=base;script=latn;language=dflt;"
(fontspec)             - 'slanted small caps'  (m/scsl) with NFSS spec.:
(fontspec)             <-8>"[NewCM08-Regular.otf]:mode=base;script=latn;languag
e=dflt;+smcp;+onum;"<8->"[NewCM10-Regular.otf]:mode=base;script=latn;language=d
flt;+smcp;+onum;"
(fontspec)             - 'swash' (m/sw) with NFSS spec.:
(fontspec)             <-8>"[NewCM08-Regular.otf]:mode=base;script=latn;languag
e=dflt;"<8->"[NewCM10-Regular.otf]:mode=base;script=latn;language=dflt;"
(fontspec)             -  (m/scsw) with NFSS spec.:
(fontspec)             <-8>"[NewCM08-Regular.otf]:mode=base;script=latn;languag
e=dflt;+smcp;+onum;"<8->"[NewCM10-Regular.otf]:mode=base;script=latn;language=d
flt;+smcp;+onum;"
(fontspec)             - 'bold italic' (b/it) with NFSS spec.:
(fontspec)             <0->"[NewCM10-BoldItalic.otf]:mode=base;script=latn;lang
uage=dflt;"
(fontspec)             - 'bold italic small caps'  (b/scit) with NFSS spec.:
(fontspec)             <0->"[NewCM10-BoldItalic.otf]:mode=base;script=latn;lang
uage=dflt;+smcp;+onum;"
(fontspec)             - 'bold slanted' (b/sl) with NFSS spec.:
(fontspec)             <0->"[NewCM10-Bold.otf]:mode=base;script=latn;language=d
flt;"
(fontspec)             - 'bold slanted small caps'  (b/scsl) with NFSS spec.:
(fontspec)             <0->"[NewCM10-Bold.otf]:mode=base;script=latn;language=d
flt;+smcp;+onum;"
(fontspec)             - 'bold swash' (b/sw) with NFSS spec.:
(fontspec)             <0->"[NewCM10-Bold.otf]:mode=base;script=latn;language=d
flt;"
(fontspec)             -  (b/scsw) with NFSS spec.:
(fontspec)             <0->"[NewCM10-Bold.otf]:mode=base;script=latn;language=d
flt;+smcp;+onum;"

LaTeX Font Info:    Overwriting math alphabet `\mathrm' in version `normal'
(Font)                  OT1/cmr/m/n --> TU/NewCM10-Regular.otf(1)/m/n on input 
line 28.
LaTeX Font Info:    Overwriting math alphabet `\mathit' in version `normal'
(Font)                  OT1/cmr/m/it --> TU/NewCM10-Regular.otf(1)/m/it on inpu
t line 28.
LaTeX Font Info:    Overwriting math alphabet `\mathbf' in version `normal'
(Font)                  OT1/cmr/bx/n --> TU/NewCM10-Regular.otf(1)/b/n on input
 line 28.

("C:/Program Files/MiKTeX/tex/latex/newcomputermodern/NewCMSans10-Regular.fonts
pec")

Package fontspec Info: 
(fontspec)             Font family 'NewCMSans10-Regular.otf(0)' created for
(fontspec)             font 'NewCMSans10-Regular.otf' with options
(fontspec)             [Ligatures=TeX,UprightFont={NewCMSans10-Regular.otf},Upr
ightFeatures={SizeFeatures={{Size={-8},Font={NewCMSans08-Regular.otf}},{Size={8
-},Font={NewCMSans10-Regular.otf}}}},ItalicFont={NewCMSans10-Oblique.otf},Itali
cFeatures={SizeFeatures={{Size={-8},Font={NewCMSans08-Oblique.otf}},{Size={8-},
Font={NewCMSans10-Oblique.otf}}}},BoldFont={NewCMSans10-Bold.otf},BoldFeatures=
{SizeFeatures={{Size={0-},Font={NewCMSans10-Bold.otf}}}},BoldItalicFont={NewCMS
ans10-BoldOblique.otf},BoldItalicFeatures={SizeFeatures={{Size={0-},Font={NewCM
Sans10-BoldOblique.otf}}}},SlantedFont={NewCMSans10-Regular.otf},SlantedFeature
s={SizeFeatures={{Size={-8},Font={NewCMSans08-Regular.otf}},{Size={8-},Font={Ne
wCMSans10-Regular.otf}}}},BoldSlantedFont={NewCMSans10-Bold.otf},BoldSlantedFea
tures={SizeFeatures={{Size={0-},Font={NewCMSans10-Bold.otf}}}},SwashFont={NewCM
Sans10-Regular.otf},SwashFeatures={SizeFeatures={{Size={-8},Font={NewCMSans08-R
egular.otf}},{Size={8-},Font={NewCMSans10-Regular.otf}}}},BoldSwashFont={NewCMS
ans10-Bold.otf},BoldSwashFeatures={SizeFeatures={{Size={0-},Font={NewCMSans10-B
old.otf}}}},ItalicFont=NewCMSans10-Oblique.otf,BoldFont=NewCMSans10-Bold.otf,Bo
ldItalicFont=NewCMSans10-BoldOblique.otf,SmallCapsFeatures={Numbers=OldStyle}].

(fontspec)              
(fontspec)              This font family consists of the following NFSS
(fontspec)             series/shapes:
(fontspec)              
(fontspec)             - 'normal' (m/n) with NFSS spec.:
(fontspec)             <-8>"[NewCMSans08-Regular.otf]:mode=node;script=latn;lan
guage=dflt;+tlig;"<8->"[NewCMSans10-Regular.otf]:mode=node;script=latn;language
=dflt;+tlig;"
(fontspec)             - 'small caps'  (m/sc) with NFSS spec.:
(fontspec)             <-8>"[NewCMSans08-Regular.otf]:mode=node;script=latn;lan
guage=dflt;+tlig;+smcp;+onum;"<8->"[NewCMSans10-Regular.otf]:mode=node;script=l
atn;language=dflt;+tlig;+smcp;+onum;"
(fontspec)             - 'bold' (b/n) with NFSS spec.:
(fontspec)             <0->"[NewCMSans10-Bold.otf]:mode=node;script=latn;langua
ge=dflt;+tlig;"
(fontspec)             - 'bold small caps'  (b/sc) with NFSS spec.:
(fontspec)             <0->"[NewCMSans10-Bold.otf]:mode=node;script=latn;langua
ge=dflt;+tlig;+smcp;+onum;"
(fontspec)             - 'italic' (m/it) with NFSS spec.:
(fontspec)             <-8>"[NewCMSans08-Oblique.otf]:mode=node;script=latn;lan
guage=dflt;+tlig;"<8->"[NewCMSans10-Oblique.otf]:mode=node;script=latn;language
=dflt;+tlig;"
(fontspec)             - 'italic small caps'  (m/scit) with NFSS spec.:
(fontspec)             <-8>"[NewCMSans08-Oblique.otf]:mode=node;script=latn;lan
guage=dflt;+tlig;+smcp;+onum;"<8->"[NewCMSans10-Oblique.otf]:mode=node;script=l
atn;language=dflt;+tlig;+smcp;+onum;"
(fontspec)             - 'slanted' (m/sl) with NFSS spec.:
(fontspec)             <-8>"[NewCMSans08-Regular.otf]:mode=node;script=latn;lan
guage=dflt;+tlig;"<8->"[NewCMSans10-Regular.otf]:mode=node;script=latn;language
=dflt;+tlig;"
(fontspec)             - 'slanted small caps'  (m/scsl) with NFSS spec.:
(fontspec)             <-8>"[NewCMSans08-Regular.otf]:mode=node;script=latn;lan
guage=dflt;+tlig;+smcp;+onum;"<8->"[NewCMSans10-Regular.otf]:mode=node;script=l
atn;language=dflt;+tlig;+smcp;+onum;"
(fontspec)             - 'swash' (m/sw) with NFSS spec.:
(fontspec)             <-8>"[NewCMSans08-Regular.otf]:mode=node;script=latn;lan
guage=dflt;+tlig;"<8->"[NewCMSans10-Regular.otf]:mode=node;script=latn;language
=dflt;+tlig;"
(fontspec)             -  (m/scsw) with NFSS spec.:
(fontspec)             <-8>"[NewCMSans08-Regular.otf]:mode=node;script=latn;lan
guage=dflt;+tlig;+smcp;+onum;"<8->"[NewCMSans10-Regular.otf]:mode=node;script=l
atn;language=dflt;+tlig;+smcp;+onum;"
(fontspec)             - 'bold italic' (b/it) with NFSS spec.:
(fontspec)             <0->"[NewCMSans10-BoldOblique.otf]:mode=node;script=latn
;language=dflt;+tlig;"
(fontspec)             - 'bold italic small caps'  (b/scit) with NFSS spec.:
(fontspec)             <0->"[NewCMSans10-BoldOblique.otf]:mode=node;script=latn
;language=dflt;+tlig;+smcp;+onum;"
(fontspec)             - 'bold slanted' (b/sl) with NFSS spec.:
(fontspec)             <0->"[NewCMSans10-Bold.otf]:mode=node;script=latn;langua
ge=dflt;+tlig;"
(fontspec)             - 'bold slanted small caps'  (b/scsl) with NFSS spec.:
(fontspec)             <0->"[NewCMSans10-Bold.otf]:mode=node;script=latn;langua
ge=dflt;+tlig;+smcp;+onum;"
(fontspec)             - 'bold swash' (b/sw) with NFSS spec.:
(fontspec)             <0->"[NewCMSans10-Bold.otf]:mode=node;script=latn;langua
ge=dflt;+tlig;"
(fontspec)             -  (b/scsw) with NFSS spec.:
(fontspec)             <0->"[NewCMSans10-Bold.otf]:mode=node;script=latn;langua
ge=dflt;+tlig;+smcp;+onum;"


Package fontspec Info: 
(fontspec)             Font family 'NewCMSans10-Regular.otf(1)' created for
(fontspec)             font 'NewCMSans10-Regular.otf' with options
(fontspec)             [UprightFont={NewCMSans10-Regular.otf},UprightFeatures={
SizeFeatures={{Size={-8},Font={NewCMSans08-Regular.otf}},{Size={8-},Font={NewCM
Sans10-Regular.otf}}}},ItalicFont={NewCMSans10-Oblique.otf},ItalicFeatures={Siz
eFeatures={{Size={-8},Font={NewCMSans08-Oblique.otf}},{Size={8-},Font={NewCMSan
s10-Oblique.otf}}}},BoldFont={NewCMSans10-Bold.otf},BoldFeatures={SizeFeatures=
{{Size={0-},Font={NewCMSans10-Bold.otf}}}},BoldItalicFont={NewCMSans10-BoldObli
que.otf},BoldItalicFeatures={SizeFeatures={{Size={0-},Font={NewCMSans10-BoldObl
ique.otf}}}},SlantedFont={NewCMSans10-Regular.otf},SlantedFeatures={SizeFeature
s={{Size={-8},Font={NewCMSans08-Regular.otf}},{Size={8-},Font={NewCMSans10-Regu
lar.otf}}}},BoldSlantedFont={NewCMSans10-Bold.otf},BoldSlantedFeatures={SizeFea
tures={{Size={0-},Font={NewCMSans10-Bold.otf}}}},SwashFont={NewCMSans10-Regular
.otf},SwashFeatures={SizeFeatures={{Size={-8},Font={NewCMSans08-Regular.otf}},{
Size={8-},Font={NewCMSans10-Regular.otf}}}},BoldSwashFont={NewCMSans10-Bold.otf
},BoldSwashFeatures={SizeFeatures={{Size={0-},Font={NewCMSans10-Bold.otf}}}},Re
nderer=Basic,ItalicFont=NewCMSans10-Oblique.otf,BoldFont=NewCMSans10-Bold.otf,B
oldItalicFont=NewCMSans10-BoldOblique.otf,SmallCapsFeatures={Numbers=OldStyle}]
.
(fontspec)              
(fontspec)              This font family consists of the following NFSS
(fontspec)             series/shapes:
(fontspec)              
(fontspec)             - 'normal' (m/n) with NFSS spec.:
(fontspec)             <-8>"[NewCMSans08-Regular.otf]:mode=base;script=latn;lan
guage=dflt;"<8->"[NewCMSans10-Regular.otf]:mode=base;script=latn;language=dflt;
"
(fontspec)             - 'small caps'  (m/sc) with NFSS spec.:
(fontspec)             <-8>"[NewCMSans08-Regular.otf]:mode=base;script=latn;lan
guage=dflt;+smcp;+onum;"<8->"[NewCMSans10-Regular.otf]:mode=base;script=latn;la
nguage=dflt;+smcp;+onum;"
(fontspec)             - 'bold' (b/n) with NFSS spec.:
(fontspec)             <0->"[NewCMSans10-Bold.otf]:mode=base;script=latn;langua
ge=dflt;"
(fontspec)             - 'bold small caps'  (b/sc) with NFSS spec.:
(fontspec)             <0->"[NewCMSans10-Bold.otf]:mode=base;script=latn;langua
ge=dflt;+smcp;+onum;"
(fontspec)             - 'italic' (m/it) with NFSS spec.:
(fontspec)             <-8>"[NewCMSans08-Oblique.otf]:mode=base;script=latn;lan
guage=dflt;"<8->"[NewCMSans10-Oblique.otf]:mode=base;script=latn;language=dflt;
"
(fontspec)             - 'italic small caps'  (m/scit) with NFSS spec.:
(fontspec)             <-8>"[NewCMSans08-Oblique.otf]:mode=base;script=latn;lan
guage=dflt;+smcp;+onum;"<8->"[NewCMSans10-Oblique.otf]:mode=base;script=latn;la
nguage=dflt;+smcp;+onum;"
(fontspec)             - 'slanted' (m/sl) with NFSS spec.:
(fontspec)             <-8>"[NewCMSans08-Regular.otf]:mode=base;script=latn;lan
guage=dflt;"<8->"[NewCMSans10-Regular.otf]:mode=base;script=latn;language=dflt;
"
(fontspec)             - 'slanted small caps'  (m/scsl) with NFSS spec.:
(fontspec)             <-8>"[NewCMSans08-Regular.otf]:mode=base;script=latn;lan
guage=dflt;+smcp;+onum;"<8->"[NewCMSans10-Regular.otf]:mode=base;script=latn;la
nguage=dflt;+smcp;+onum;"
(fontspec)             - 'swash' (m/sw) with NFSS spec.:
(fontspec)             <-8>"[NewCMSans08-Regular.otf]:mode=base;script=latn;lan
guage=dflt;"<8->"[NewCMSans10-Regular.otf]:mode=base;script=latn;language=dflt;
"
(fontspec)             -  (m/scsw) with NFSS spec.:
(fontspec)             <-8>"[NewCMSans08-Regular.otf]:mode=base;script=latn;lan
guage=dflt;+smcp;+onum;"<8->"[NewCMSans10-Regular.otf]:mode=base;script=latn;la
nguage=dflt;+smcp;+onum;"
(fontspec)             - 'bold italic' (b/it) with NFSS spec.:
(fontspec)             <0->"[NewCMSans10-BoldOblique.otf]:mode=base;script=latn
;language=dflt;"
(fontspec)             - 'bold italic small caps'  (b/scit) with NFSS spec.:
(fontspec)             <0->"[NewCMSans10-BoldOblique.otf]:mode=base;script=latn
;language=dflt;+smcp;+onum;"
(fontspec)             - 'bold slanted' (b/sl) with NFSS spec.:
(fontspec)             <0->"[NewCMSans10-Bold.otf]:mode=base;script=latn;langua
ge=dflt;"
(fontspec)             - 'bold slanted small caps'  (b/scsl) with NFSS spec.:
(fontspec)             <0->"[NewCMSans10-Bold.otf]:mode=base;script=latn;langua
ge=dflt;+smcp;+onum;"
(fontspec)             - 'bold swash' (b/sw) with NFSS spec.:
(fontspec)             <0->"[NewCMSans10-Bold.otf]:mode=base;script=latn;langua
ge=dflt;"
(fontspec)             -  (b/scsw) with NFSS spec.:
(fontspec)             <0->"[NewCMSans10-Bold.otf]:mode=base;script=latn;langua
ge=dflt;+smcp;+onum;"

LaTeX Font Info:    Overwriting math alphabet `\mathsf' in version `normal'
(Font)                  OT1/cmss/m/n --> TU/NewCMSans10-Regular.otf(1)/m/n on i
nput line 33.
LaTeX Font Info:    Overwriting math alphabet `\mathsf' in version `bold'
(Font)                  OT1/cmss/bx/n --> TU/NewCMSans10-Regular.otf(1)/b/n on 
input line 33.

("C:/Program Files/MiKTeX/tex/latex/newcomputermodern/NewCMMono10-Regular.fonts
pec")

Package fontspec Info: 
(fontspec)             Font family 'NewCMMono10-Regular.otf(0)' created for
(fontspec)             font 'NewCMMono10-Regular.otf' with options
(fontspec)             [WordSpace={1,0,0},HyphenChar=None,PunctuationSpace=Word
Space,UprightFont={NewCMMono10-Regular.otf},UprightFeatures={SizeFeatures={{Siz
e={0-},Font={NewCMMono10-Regular.otf}}}},ItalicFont={NewCMMono10-Italic.otf},It
alicFeatures={SizeFeatures={{Size={0-},Font={NewCMMono10-Italic.otf}}}},BoldFon
t={NewCMMono10-Bold.otf},BoldFeatures={SizeFeatures={{Size={0-},Font={NewCMMono
10-Bold.otf}}}},BoldItalicFont={NewCMMono10-BoldOblique.otf},BoldItalicFeatures
={SizeFeatures={{Size={0-},Font={NewCMMono10-BoldOblique.otf}}}},SlantedFont={N
ewCMMono10-Regular.otf},SlantedFeatures={SizeFeatures={{Size={0-},Font={NewCMMo
no10-Regular.otf}}}},BoldSlantedFont={NewCMMono10-Bold.otf},BoldSlantedFeatures
={SizeFeatures={{Size={0-},Font={NewCMMono10-Bold.otf}}}},SwashFont={NewCMMono1
0-Regular.otf},SwashFeatures={SizeFeatures={{Size={0-},Font={NewCMMono10-Regula
r.otf}}}},BoldSwashFont={NewCMMono10-Bold.otf},BoldSwashFeatures={SizeFeatures=
{{Size={0-},Font={NewCMMono10-Bold.otf}}}},ItalicFont=NewCMMono10-Italic.otf,Bo
ldFont=NewCMMono10-Bold.otf,BoldItalicFont=NewCMMono10-BoldOblique.otf,SmallCap
sFeatures={Numbers=OldStyle}].
(fontspec)              
(fontspec)              This font family consists of the following NFSS
(fontspec)             series/shapes:
(fontspec)              
(fontspec)             - 'normal' (m/n) with NFSS spec.:
(fontspec)             <0->"[NewCMMono10-Regular.otf]:mode=node;script=latn;lan
guage=dflt;"
(fontspec)             - 'small caps'  (m/sc) with NFSS spec.:
(fontspec)             <0->"[NewCMMono10-Regular.otf]:mode=node;script=latn;lan
guage=dflt;+smcp;+onum;"
(fontspec)             and font adjustment code:
(fontspec)             \fontdimen 2\font =1\fontdimen 2\font \fontdimen 3\font
(fontspec)             =0\fontdimen 3\font \fontdimen 4\font =0\fontdimen
(fontspec)             4\font \fontdimen 7\font =0\fontdimen 2\font
(fontspec)             \tex_hyphenchar:D \font =-1\scan_stop: 
(fontspec)             - 'bold' (b/n) with NFSS spec.:
(fontspec)             <0->"[NewCMMono10-Bold.otf]:mode=node;script=latn;langua
ge=dflt;"
(fontspec)             - 'bold small caps'  (b/sc) with NFSS spec.:
(fontspec)             <0->"[NewCMMono10-Bold.otf]:mode=node;script=latn;langua
ge=dflt;+smcp;+onum;"
(fontspec)             and font adjustment code:
(fontspec)             \fontdimen 2\font =1\fontdimen 2\font \fontdimen 3\font
(fontspec)             =0\fontdimen 3\font \fontdimen 4\font =0\fontdimen
(fontspec)             4\font \fontdimen 7\font =0\fontdimen 2\font
(fontspec)             \tex_hyphenchar:D \font =-1\scan_stop: 
(fontspec)             - 'italic' (m/it) with NFSS spec.:
(fontspec)             <0->"[NewCMMono10-Italic.otf]:mode=node;script=latn;lang
uage=dflt;"
(fontspec)             - 'italic small caps'  (m/scit) with NFSS spec.:
(fontspec)             <0->"[NewCMMono10-Italic.otf]:mode=node;script=latn;lang
uage=dflt;+smcp;+onum;"
(fontspec)             and font adjustment code:
(fontspec)             \fontdimen 2\font =1\fontdimen 2\font \fontdimen 3\font
(fontspec)             =0\fontdimen 3\font \fontdimen 4\font =0\fontdimen
(fontspec)             4\font \fontdimen 7\font =0\fontdimen 2\font
(fontspec)             \tex_hyphenchar:D \font =-1\scan_stop: 
(fontspec)             - 'slanted' (m/sl) with NFSS spec.:
(fontspec)             <0->"[NewCMMono10-Regular.otf]:mode=node;script=latn;lan
guage=dflt;"
(fontspec)             - 'slanted small caps'  (m/scsl) with NFSS spec.:
(fontspec)             <0->"[NewCMMono10-Regular.otf]:mode=node;script=latn;lan
guage=dflt;+smcp;+onum;"
(fontspec)             and font adjustment code:
(fontspec)             \fontdimen 2\font =1\fontdimen 2\font \fontdimen 3\font
(fontspec)             =0\fontdimen 3\font \fontdimen 4\font =0\fontdimen
(fontspec)             4\font \fontdimen 7\font =0\fontdimen 2\font
(fontspec)             \tex_hyphenchar:D \font =-1\scan_stop: 
(fontspec)             - 'swash' (m/sw) with NFSS spec.:
(fontspec)             <0->"[NewCMMono10-Regular.otf]:mode=node;script=latn;lan
guage=dflt;"
(fontspec)             -  (m/scsw) with NFSS spec.:
(fontspec)             <0->"[NewCMMono10-Regular.otf]:mode=node;script=latn;lan
guage=dflt;+smcp;+onum;"
(fontspec)             and font adjustment code:
(fontspec)             \fontdimen 2\font =1\fontdimen 2\font \fontdimen 3\font
(fontspec)             =0\fontdimen 3\font \fontdimen 4\font =0\fontdimen
(fontspec)             4\font \fontdimen 7\font =0\fontdimen 2\font
(fontspec)             \tex_hyphenchar:D \font =-1\scan_stop: 
(fontspec)             - 'bold italic' (b/it) with NFSS spec.:
(fontspec)             <0->"[NewCMMono10-BoldOblique.otf]:mode=node;script=latn
;language=dflt;"
(fontspec)             - 'bold italic small caps'  (b/scit) with NFSS spec.:
(fontspec)             <0->"[NewCMMono10-BoldOblique.otf]:mode=node;script=latn
;language=dflt;+smcp;+onum;"
(fontspec)             and font adjustment code:
(fontspec)             \fontdimen 2\font =1\fontdimen 2\font \fontdimen 3\font
(fontspec)             =0\fontdimen 3\font \fontdimen 4\font =0\fontdimen
(fontspec)             4\font \fontdimen 7\font =0\fontdimen 2\font
(fontspec)             \tex_hyphenchar:D \font =-1\scan_stop: 
(fontspec)             - 'bold slanted' (b/sl) with NFSS spec.:
(fontspec)             <0->"[NewCMMono10-Bold.otf]:mode=node;script=latn;langua
ge=dflt;"
(fontspec)             - 'bold slanted small caps'  (b/scsl) with NFSS spec.:
(fontspec)             <0->"[NewCMMono10-Bold.otf]:mode=node;script=latn;langua
ge=dflt;+smcp;+onum;"
(fontspec)             and font adjustment code:
(fontspec)             \fontdimen 2\font =1\fontdimen 2\font \fontdimen 3\font
(fontspec)             =0\fontdimen 3\font \fontdimen 4\font =0\fontdimen
(fontspec)             4\font \fontdimen 7\font =0\fontdimen 2\font
(fontspec)             \tex_hyphenchar:D \font =-1\scan_stop: 
(fontspec)             - 'bold swash' (b/sw) with NFSS spec.:
(fontspec)             <0->"[NewCMMono10-Bold.otf]:mode=node;script=latn;langua
ge=dflt;"
(fontspec)             -  (b/scsw) with NFSS spec.:
(fontspec)             <0->"[NewCMMono10-Bold.otf]:mode=node;script=latn;langua
ge=dflt;+smcp;+onum;"
(fontspec)             and font adjustment code:
(fontspec)             \fontdimen 2\font =1\fontdimen 2\font \fontdimen 3\font
(fontspec)             =0\fontdimen 3\font \fontdimen 4\font =0\fontdimen
(fontspec)             4\font \fontdimen 7\font =0\fontdimen 2\font
(fontspec)             \tex_hyphenchar:D \font =-1\scan_stop: 


Package fontspec Info: 
(fontspec)             Font family 'NewCMMono10-Regular.otf(1)' created for
(fontspec)             font 'NewCMMono10-Regular.otf' with options
(fontspec)             [UprightFont={NewCMMono10-Regular.otf},UprightFeatures={
SizeFeatures={{Size={0-},Font={NewCMMono10-Regular.otf}}}},ItalicFont={NewCMMon
o10-Italic.otf},ItalicFeatures={SizeFeatures={{Size={0-},Font={NewCMMono10-Ital
ic.otf}}}},BoldFont={NewCMMono10-Bold.otf},BoldFeatures={SizeFeatures={{Size={0
-},Font={NewCMMono10-Bold.otf}}}},BoldItalicFont={NewCMMono10-BoldOblique.otf},
BoldItalicFeatures={SizeFeatures={{Size={0-},Font={NewCMMono10-BoldOblique.otf}
}}},SlantedFont={NewCMMono10-Regular.otf},SlantedFeatures={SizeFeatures={{Size=
{0-},Font={NewCMMono10-Regular.otf}}}},BoldSlantedFont={NewCMMono10-Bold.otf},B
oldSlantedFeatures={SizeFeatures={{Size={0-},Font={NewCMMono10-Bold.otf}}}},Swa
shFont={NewCMMono10-Regular.otf},SwashFeatures={SizeFeatures={{Size={0-},Font={
NewCMMono10-Regular.otf}}}},BoldSwashFont={NewCMMono10-Bold.otf},BoldSwashFeatu
res={SizeFeatures={{Size={0-},Font={NewCMMono10-Bold.otf}}}},Renderer=Basic,Ita
licFont=NewCMMono10-Italic.otf,BoldFont=NewCMMono10-Bold.otf,BoldItalicFont=New
CMMono10-BoldOblique.otf,SmallCapsFeatures={Numbers=OldStyle}].
(fontspec)              
(fontspec)              This font family consists of the following NFSS
(fontspec)             series/shapes:
(fontspec)              
(fontspec)             - 'normal' (m/n) with NFSS spec.:
(fontspec)             <0->"[NewCMMono10-Regular.otf]:mode=base;script=latn;lan
guage=dflt;"
(fontspec)             - 'small caps'  (m/sc) with NFSS spec.:
(fontspec)             <0->"[NewCMMono10-Regular.otf]:mode=base;script=latn;lan
guage=dflt;+smcp;+onum;"
(fontspec)             - 'bold' (b/n) with NFSS spec.:
(fontspec)             <0->"[NewCMMono10-Bold.otf]:mode=base;script=latn;langua
ge=dflt;"
(fontspec)             - 'bold small caps'  (b/sc) with NFSS spec.:
(fontspec)             <0->"[NewCMMono10-Bold.otf]:mode=base;script=latn;langua
ge=dflt;+smcp;+onum;"
(fontspec)             - 'italic' (m/it) with NFSS spec.:
(fontspec)             <0->"[NewCMMono10-Italic.otf]:mode=base;script=latn;lang
uage=dflt;"
(fontspec)             - 'italic small caps'  (m/scit) with NFSS spec.:
(fontspec)             <0->"[NewCMMono10-Italic.otf]:mode=base;script=latn;lang
uage=dflt;+smcp;+onum;"
(fontspec)             - 'slanted' (m/sl) with NFSS spec.:
(fontspec)             <0->"[NewCMMono10-Regular.otf]:mode=base;script=latn;lan
guage=dflt;"
(fontspec)             - 'slanted small caps'  (m/scsl) with NFSS spec.:
(fontspec)             <0->"[NewCMMono10-Regular.otf]:mode=base;script=latn;lan
guage=dflt;+smcp;+onum;"
(fontspec)             - 'swash' (m/sw) with NFSS spec.:
(fontspec)             <0->"[NewCMMono10-Regular.otf]:mode=base;script=latn;lan
guage=dflt;"
(fontspec)             -  (m/scsw) with NFSS spec.:
(fontspec)             <0->"[NewCMMono10-Regular.otf]:mode=base;script=latn;lan
guage=dflt;+smcp;+onum;"
(fontspec)             - 'bold italic' (b/it) with NFSS spec.:
(fontspec)             <0->"[NewCMMono10-BoldOblique.otf]:mode=base;script=latn
;language=dflt;"
(fontspec)             - 'bold italic small caps'  (b/scit) with NFSS spec.:
(fontspec)             <0->"[NewCMMono10-BoldOblique.otf]:mode=base;script=latn
;language=dflt;+smcp;+onum;"
(fontspec)             - 'bold slanted' (b/sl) with NFSS spec.:
(fontspec)             <0->"[NewCMMono10-Bold.otf]:mode=base;script=latn;langua
ge=dflt;"
(fontspec)             - 'bold slanted small caps'  (b/scsl) with NFSS spec.:
(fontspec)             <0->"[NewCMMono10-Bold.otf]:mode=base;script=latn;langua
ge=dflt;+smcp;+onum;"
(fontspec)             - 'bold swash' (b/sw) with NFSS spec.:
(fontspec)             <0->"[NewCMMono10-Bold.otf]:mode=base;script=latn;langua
ge=dflt;"
(fontspec)             -  (b/scsw) with NFSS spec.:
(fontspec)             <0->"[NewCMMono10-Bold.otf]:mode=base;script=latn;langua
ge=dflt;+smcp;+onum;"

LaTeX Font Info:    Overwriting math alphabet `\mathtt' in version `normal'
(Font)                  OT1/cmtt/m/n --> TU/NewCMMono10-Regular.otf(1)/m/n on i
nput line 37.
LaTeX Font Info:    Overwriting math alphabet `\mathtt' in version `bold'
(Font)                  OT1/cmtt/m/n --> TU/NewCMMono10-Regular.otf(1)/b/n on i
nput line 37.

Package fontspec Info: 
(fontspec)             Font family 'NewCMMath-Regular.otf(0)' created for font
(fontspec)             'NewCMMath-Regular.otf' with options
(fontspec)             [Renderer=Basic,BoldItalicFont={},ItalicFont={},SmallCap
sFont={},Script=Math,RawFeature={mathfontdimen=xetex}].
(fontspec)              
(fontspec)              This font family consists of the following NFSS
(fontspec)             series/shapes:
(fontspec)              
(fontspec)             - 'normal' (m/n) with NFSS spec.:
(fontspec)             <->"[NewCMMath-Regular.otf]:mode=base;script=math;langua
ge=dflt;mathfontdimen=xetex;"


Package fontspec Info: 
(fontspec)             Font family 'NewCMMath-Regular.otf(1)' created for font
(fontspec)             'NewCMMath-Regular.otf' with options
(fontspec)             [Renderer=Basic,BoldItalicFont={},ItalicFont={},SmallCap
sFont={},Script=Math,SizeFeatures={{Size=8.5-},{Size=6-8.5,Font=NewCMMath-Regul
ar.otf,Style=MathScript},{Size=-6,Font=NewCMMath-Regular.otf,Style=MathScriptSc
ript}},RawFeature={mathfontdimen=xetex}].
(fontspec)              
(fontspec)              This font family consists of the following NFSS
(fontspec)             series/shapes:
(fontspec)              
(fontspec)             - 'normal' (m/n) with NFSS spec.:
(fontspec)             <8.5->"[NewCMMath-Regular.otf]:mode=base;script=math;lan
guage=dflt;mathfontdimen=xetex;"<6-8.5>"[NewCMMath-Regular.otf]:mode=base;scrip
t=math;language=dflt;mathfontdimen=xetex;+ssty=0;"<-6>"[NewCMMath-Regular.otf]:
mode=base;script=math;language=dflt;mathfontdimen=xetex;+ssty=1;"

LaTeX Font Info:    Encoding `OT1' has changed to `TU' for symbol font
(Font)              `operators' in the math version `normal' on input line 38.
LaTeX Font Info:    Overwriting symbol font `operators' in version `normal'
(Font)                  OT1/cmr/m/n --> TU/NewCMMath-Regular.otf(1)/m/n on inpu
t line 38.
LaTeX Font Info:    Encoding `OT1' has changed to `TU' for symbol font
(Font)              `operators' in the math version `bold' on input line 38.
LaTeX Font Info:    Overwriting symbol font `operators' in version `bold'
(Font)                  OT1/cmr/bx/n --> TU/NewCMMath-Regular.otf(1)/b/n on inp
ut line 38.

Package fontspec Info: 
(fontspec)             Font family 'NewCMMath-Regular.otf(2)' created for font
(fontspec)             'NewCMMath-Regular.otf' with options
(fontspec)             [Renderer=Basic,BoldItalicFont={},ItalicFont={},SmallCap
sFont={},Script=Math,SizeFeatures={{Size=8.5-},{Size=6-8.5,Font=NewCMMath-Regul
ar.otf,Style=MathScript},{Size=-6,Font=NewCMMath-Regular.otf,Style=MathScriptSc
ript}},RawFeature={mathfontdimen=xetex},RawFeature={mathfontdimen=tex2}].
(fontspec)              
(fontspec)              This font family consists of the following NFSS
(fontspec)             series/shapes:
(fontspec)              
(fontspec)             - 'normal' (m/n) with NFSS spec.:
(fontspec)             <8.5->"[NewCMMath-Regular.otf]:mode=base;script=math;lan
guage=dflt;mathfontdimen=xetex;mathfontdimen=tex2;"<6-8.5>"[NewCMMath-Regular.o
tf]:mode=base;script=math;language=dflt;mathfontdimen=xetex;mathfontdimen=tex2;
+ssty=0;"<-6>"[NewCMMath-Regular.otf]:mode=base;script=math;language=dflt;mathf
ontdimen=xetex;mathfontdimen=tex2;+ssty=1;"

LaTeX Font Info:    Encoding `OMS' has changed to `TU' for symbol font
(Font)              `symbols' in the math version `normal' on input line 38.
LaTeX Font Info:    Overwriting symbol font `symbols' in version `normal'
(Font)                  OMS/cmsy/m/n --> TU/NewCMMath-Regular.otf(2)/m/n on inp
ut line 38.
LaTeX Font Info:    Encoding `OMS' has changed to `TU' for symbol font
(Font)              `symbols' in the math version `bold' on input line 38.
LaTeX Font Info:    Overwriting symbol font `symbols' in version `bold'
(Font)                  OMS/cmsy/b/n --> TU/NewCMMath-Regular.otf(2)/b/n on inp
ut line 38.

Package fontspec Info: 
(fontspec)             Font family 'NewCMMath-Regular.otf(3)' created for font
(fontspec)             'NewCMMath-Regular.otf' with options
(fontspec)             [Renderer=Basic,BoldItalicFont={},ItalicFont={},SmallCap
sFont={},Script=Math,SizeFeatures={{Size=8.5-},{Size=6-8.5,Font=NewCMMath-Regul
ar.otf,Style=MathScript},{Size=-6,Font=NewCMMath-Regular.otf,Style=MathScriptSc
ript}},RawFeature={mathfontdimen=xetex},RawFeature={mathfontdimen=tex3}].
(fontspec)              
(fontspec)              This font family consists of the following NFSS
(fontspec)             series/shapes:
(fontspec)              
(fontspec)             - 'normal' (m/n) with NFSS spec.:
(fontspec)             <8.5->"[NewCMMath-Regular.otf]:mode=base;script=math;lan
guage=dflt;mathfontdimen=xetex;mathfontdimen=tex3;"<6-8.5>"[NewCMMath-Regular.o
tf]:mode=base;script=math;language=dflt;mathfontdimen=xetex;mathfontdimen=tex3;
+ssty=0;"<-6>"[NewCMMath-Regular.otf]:mode=base;script=math;language=dflt;mathf
ontdimen=xetex;mathfontdimen=tex3;+ssty=1;"

LaTeX Font Info:    Encoding `OMX' has changed to `TU' for symbol font
(Font)              `largesymbols' in the math version `normal' on input line 3
8.
LaTeX Font Info:    Overwriting symbol font `largesymbols' in version `normal'
(Font)                  OMX/cmex/m/n --> TU/NewCMMath-Regular.otf(3)/m/n on inp
ut line 38.
LaTeX Font Info:    Encoding `OMX' has changed to `TU' for symbol font
(Font)              `largesymbols' in the math version `bold' on input line 38.

LaTeX Font Info:    Overwriting symbol font `largesymbols' in version `bold'
(Font)                  OMX/cmex/m/n --> TU/NewCMMath-Regular.otf(3)/b/n on inp
ut line 38.
 ("C:/Program Files/MiKTeX/tex/lualatex/selnolig/selnolig.sty"
=== Package selnolig, Version 0.302, Date 2015/10/26 ===
Package: selnolig 2015/10/26
("C:/Program Files/MiKTeX/tex/generic/iftex/ifluatex.sty"
Package: ifluatex 2019/10/25 v1.5 ifluatex legacy package. Use iftex instead.
)
("C:/Program Files/MiKTeX/tex/luatex/luatexbase/luatexbase.sty"
Package: luatexbase 2015/10/04 v1.3 luatexbase interface to LuaTeX 

("C:/Program Files/MiKTeX/tex/luatex/ctablestack/ctablestack.sty"
Package: ctablestack 2015/10/01 v1.0 Catcode table stable support
\@catcodetablestackcnt=\count341
)
\CatcodeTableOther=\catcodetable16
\CatcodeTableExpl=\catcodetable17
)
Inserting `Suppress ligatures selectively' in `ligaturing'.
("C:/Program Files/MiKTeX/tex/lualatex/selnolig/selnolig-english-patterns.sty"
Package: selnolig-english-patterns 2015/10/26
) ("C:/Program Files/MiKTeX/tex/lualatex/selnolig/selnolig-english-hyphex.sty"
Package: selnolig-english-hyphex 2015/10/26
)) ("C:/Program Files/MiKTeX/tex/latex/microtype/microtype.sty"
Package: microtype 2025/07/09 v3.2b Micro-typographical refinements (RS)

("C:/Program Files/MiKTeX/tex/latex/graphics/keyval.sty"
Package: keyval 2022/05/29 v1.15 key=value parser (DPC)
\KV@toks@=\toks26
)
\MT@toks=\toks27
\MT@tempbox=\box103
\MT@count=\count342
LaTeX Info: Redefining \noprotrusionifhmode on input line 1087.
LaTeX Info: Redefining \leftprotrusion on input line 1088.
\MT@prot@toks=\toks28
LaTeX Info: Redefining \rightprotrusion on input line 1107.
LaTeX Info: Redefining \textls on input line 1449.
\MT@outer@kern=\dimen183
LaTeX Info: Redefining \microtypecontext on input line 2053.
LaTeX Info: Redefining \textmicrotypecontext on input line 2070.
\MT@listname@count=\count343

("C:/Program Files/MiKTeX/tex/latex/microtype/microtype-luatex.def"
File: microtype-luatex.def 2025/07/09 v3.2b Definitions specific to luatex (RS)

Lua module: microtype 2025/07/09 v3.2b microtype module.
Module microtype Info: overwriting function `keepligature' on input line 63
LaTeX Info: Redefining \lsstyle on input line 779.
LaTeX Info: Redefining \lslig on input line 779.
\MT@outer@space=\skip56
)
Package microtype Info: Loading configuration file microtype.cfg.

("C:/Program Files/MiKTeX/tex/latex/microtype/microtype.cfg"
File: microtype.cfg 2025/07/09 v3.2b microtype main configuration file (RS)
)
LaTeX Info: Redefining \microtypesetup on input line 3065.
)
("C:/Program Files/MiKTeX/tex/latex/graphics/graphicx.sty"
Package: graphicx 2024/12/31 v1.2e Enhanced LaTeX Graphics (DPC,SPQR)

("C:/Program Files/MiKTeX/tex/latex/graphics/graphics.sty"
Package: graphics 2024/08/06 v1.4g Standard LaTeX Graphics (DPC,SPQR)

("C:/Program Files/MiKTeX/tex/latex/graphics/trig.sty"
Package: trig 2023/12/02 v1.11 sin cos tan (DPC)
)
("C:/Program Files/MiKTeX/tex/latex/graphics-cfg/graphics.cfg"
File: graphics.cfg 2016/06/04 v1.11 sample graphics configuration
)
Package graphics Info: Driver file: luatex.def on input line 106.

("C:/Program Files/MiKTeX/tex/latex/graphics-def/luatex.def"
File: luatex.def 2025/09/29 v1.2f Graphics/color driver for luatex
))
\Gin@req@height=\dimen184
\Gin@req@width=\dimen185
)
("C:/Program Files/MiKTeX/tex/latex/float/float.sty"
Package: float 2001/11/08 v1.3d Float enhancements (AL)
\c@float@type=\count344
\float@exts=\toks29
\float@box=\box104
\@float@everytoks=\toks30
\@floatcapt=\box105
)
("C:/Program Files/MiKTeX/tex/latex/diagbox/diagbox.sty"
Package: diagbox 2020/02/09 v2.3 Making table heads with diagonal lines

("C:/Program Files/MiKTeX/tex/latex/pict2e/pict2e.sty"
Package: pict2e 2020/09/30 v0.4b Improved picture commands (HjG,RN,JT)

("C:/Program Files/MiKTeX/tex/latex/pict2e/pict2e.cfg"
File: pict2e.cfg 2016/02/05 v0.1u pict2e configuration for teTeX/TeXLive
)
Package pict2e Info: Driver file: luatex.def on input line 112.
Package pict2e Info: Driver file for pict2e: p2e-luatex.def on input line 114.

("C:/Program Files/MiKTeX/tex/latex/pict2e/p2e-luatex.def"
File: p2e-luatex.def 2016/02/05 v0.1u Driver-dependant file (RN,HjG,JT)
)
\pIIe@GRAPH=\toks31
\@arclen=\dimen186
\@arcrad=\dimen187
\pIIe@tempdima=\dimen188
\pIIe@tempdimb=\dimen189
\pIIe@tempdimc=\dimen190
\pIIe@tempdimd=\dimen191
\pIIe@tempdime=\dimen192
\pIIe@tempdimf=\dimen193
)
("C:/Program Files/MiKTeX/tex/latex/tools/calc.sty"
Package: calc 2025/03/01 v4.3b Infix arithmetic (KKT,FJ)
\calc@Acount=\count345
\calc@Bcount=\count346
\calc@Adimen=\dimen194
\calc@Bdimen=\dimen195
\calc@Askip=\skip57
\calc@Bskip=\skip58
LaTeX Info: Redefining \setlength on input line 86.
LaTeX Info: Redefining \addtolength on input line 87.
\calc@Ccount=\count347
\calc@Cskip=\skip59
)
("C:/Program Files/MiKTeX/tex/latex/tools/array.sty"
Package: array 2025/09/25 v2.6n Tabular extension package (FMi)
\col@sep=\dimen196
\ar@mcellbox=\box106
\extrarowheight=\dimen197
\NC@list=\toks32
\extratabsurround=\skip60
\backup@length=\skip61
\ar@cellbox=\box107
)
\diagbox@boxa=\box108
\diagbox@boxb=\box109
\diagbox@boxm=\box110
\diagbox@wd=\dimen198
\diagbox@ht=\dimen199
\diagbox@insepl=\dimen256
\diagbox@insepr=\dimen257
\diagbox@outsepl=\dimen258
\diagbox@outsepr=\dimen259
)
("C:/Program Files/MiKTeX/tex/latex/xcolor/xcolor.sty"
Package: xcolor 2024/09/29 v3.02 LaTeX color extensions (UK)

("C:/Program Files/MiKTeX/tex/latex/graphics-cfg/color.cfg"
File: color.cfg 2016/01/02 v1.6 sample color configuration
)
Package xcolor Info: Driver file: luatex.def on input line 274.

("C:/Program Files/MiKTeX/tex/latex/graphics/mathcolor.ltx")
Package xcolor Info: Model `cmy' substituted by `cmy0' on input line 1349.
Package xcolor Info: Model `hsb' substituted by `rgb' on input line 1353.
Package xcolor Info: Model `RGB' extended on input line 1365.
Package xcolor Info: Model `HTML' substituted by `rgb' on input line 1367.
Package xcolor Info: Model `Hsb' substituted by `hsb' on input line 1368.
Package xcolor Info: Model `tHsb' substituted by `hsb' on input line 1369.
Package xcolor Info: Model `HSB' substituted by `hsb' on input line 1370.
Package xcolor Info: Model `Gray' substituted by `gray' on input line 1371.
Package xcolor Info: Model `wave' substituted by `hsb' on input line 1372.
)
("C:/Program Files/MiKTeX/tex/latex/graphics/dvipsnam.def"
File: dvipsnam.def 2016/06/17 v3.0m Driver-dependent file (DPC,SPQR)
)
("C:/Program Files/MiKTeX/tex/latex/colortbl/colortbl.sty"
Package: colortbl 2024/10/29 v1.0k Color table columns (DPC)
\everycr=\toks33
\minrowclearance=\skip62
\rownum=\count348
)
("C:/Program Files/MiKTeX/tex/latex/booktabs/booktabs.sty"
Package: booktabs 2020/01/12 v1.61803398 Publication quality tables
\heavyrulewidth=\dimen260
\lightrulewidth=\dimen261
\cmidrulewidth=\dimen262
\belowrulesep=\dimen263
\belowbottomsep=\dimen264
\aboverulesep=\dimen265
\abovetopsep=\dimen266
\cmidrulesep=\dimen267
\cmidrulekern=\dimen268
\defaultaddspace=\dimen269
\@cmidla=\count349
\@cmidlb=\count350
\@aboverulesep=\dimen270
\@belowrulesep=\dimen271
\@thisruleclass=\count351
\@lastruleclass=\count352
\@thisrulewidth=\dimen272
)
("C:/Program Files/MiKTeX/tex/latex/multirow/multirow.sty"
Package: multirow 2024/11/12 v2.9 Span multiple rows of a table
\multirow@colwidth=\skip63
\multirow@cntb=\count353
\multirow@dima=\skip64
\bigstrutjot=\dimen273
)
("C:/Program Files/MiKTeX/tex/latex/hyperref/hyperref.sty"
Package: hyperref 2025-07-12 v7.01o Hypertext links for LaTeX

("C:/Program Files/MiKTeX/tex/latex/kvsetkeys/kvsetkeys.sty"
Package: kvsetkeys 2022-10-05 v1.19 Key value parser (HO)
)
("C:/Program Files/MiKTeX/tex/generic/kvdefinekeys/kvdefinekeys.sty"
Package: kvdefinekeys 2019-12-19 v1.6 Define keys (HO)
)
("C:/Program Files/MiKTeX/tex/generic/pdfescape/pdfescape.sty"
Package: pdfescape 2019/12/09 v1.15 Implements pdfTeX's escape features (HO)

("C:/Program Files/MiKTeX/tex/generic/ltxcmds/ltxcmds.sty"
Package: ltxcmds 2023-12-04 v1.26 LaTeX kernel commands for general use (HO)
)
("C:/Program Files/MiKTeX/tex/generic/pdftexcmds/pdftexcmds.sty"
Package: pdftexcmds 2020-06-27 v0.33 Utility functions of pdfTeX for LuaTeX (HO
)

("C:/Program Files/MiKTeX/tex/generic/infwarerr/infwarerr.sty"
Package: infwarerr 2019/12/03 v1.5 Providing info/warning/error messages (HO)
)
Package pdftexcmds Info: \pdf@primitive is available.
Package pdftexcmds Info: \pdf@ifprimitive is available.
Package pdftexcmds Info: \pdfdraftmode found.
\pdftexcmds@toks=\toks34
))
("C:/Program Files/MiKTeX/tex/latex/hycolor/hycolor.sty"
Package: hycolor 2020-01-27 v1.10 Color options for hyperref/bookmark (HO)
)
("C:/Program Files/MiKTeX/tex/latex/hyperref/nameref.sty"
Package: nameref 2025-06-21 v2.57 Cross-referencing by name of section

("C:/Program Files/MiKTeX/tex/latex/refcount/refcount.sty"
Package: refcount 2019/12/15 v3.6 Data extraction from label references (HO)
)
("C:/Program Files/MiKTeX/tex/generic/gettitlestring/gettitlestring.sty"
Package: gettitlestring 2019/12/15 v1.6 Cleanup title references (HO)

("C:/Program Files/MiKTeX/tex/latex/kvoptions/kvoptions.sty"
Package: kvoptions 2022-06-15 v3.15 Key value format for package options (HO)
))
\c@section@level=\count354
)
("C:/Program Files/MiKTeX/tex/generic/stringenc/stringenc.sty"
Package: stringenc 2019/11/29 v1.12 Convert strings between diff. encodings (HO
)
)
\@linkdim=\dimen274
\Hy@linkcounter=\count355
\Hy@pagecounter=\count356

("C:/Program Files/MiKTeX/tex/latex/hyperref/pd1enc.def"
File: pd1enc.def 2025-07-12 v7.01o Hyperref: PDFDocEncoding definition (HO)
)
("C:/Program Files/MiKTeX/tex/generic/intcalc/intcalc.sty"
Package: intcalc 2019/12/15 v1.3 Expandable calculations with integers (HO)
)
\Hy@SavedSpaceFactor=\count357

("C:/Program Files/MiKTeX/tex/latex/hyperref/puenc.def"
File: puenc.def 2025-07-12 v7.01o Hyperref: PDF Unicode definition (HO)
)
Package hyperref Info: Option `pdfa' set `true' on input line 4066.
Package hyperref Info: Option `bookmarks' set `true' on input line 4066.
Package hyperref Info: Option `bookmarksnumbered' set `true' on input line 4066
.
Package hyperref Info: Option `bookmarksopen' set `true' on input line 4066.
Package hyperref Info: Hyper figures OFF on input line 4195.
Package hyperref Info: Link nesting OFF on input line 4200.
Package hyperref Info: Hyper index ON on input line 4203.
Package hyperref Info: Plain pages OFF on input line 4210.
Package hyperref Info: Backreferencing OFF on input line 4215.
Package hyperref Info: Implicit mode ON; LaTeX internals redefined.
Package hyperref Info: Bookmarks ON on input line 4462.
\c@Hy@tempcnt=\count358
LaTeX Info: Redefining \url on input line 4801.
\XeTeXLinkMargin=\dimen275

("C:/Program Files/MiKTeX/tex/generic/bitset/bitset.sty"
Package: bitset 2019/12/09 v1.3 Handle bit-vector datatype (HO)

("C:/Program Files/MiKTeX/tex/generic/bigintcalc/bigintcalc.sty"
Package: bigintcalc 2019/12/15 v1.5 Expandable calculations on big integers (HO
)
))
\Fld@menulength=\count359
\Field@Width=\dimen276
\Fld@charsize=\dimen277
Package hyperref Info: Hyper figures OFF on input line 6078.
Package hyperref Info: Link nesting OFF on input line 6083.
Package hyperref Info: Hyper index ON on input line 6086.
Package hyperref Info: backreferencing OFF on input line 6093.
Package hyperref Info: Link coloring OFF on input line 6098.
Package hyperref Info: Link coloring with OCG OFF on input line 6103.
Package hyperref Info: PDF/A mode ON on input line 6106.
\Hy@abspage=\count360
\c@Item=\count361
\c@Hfootnote=\count362
)
Package hyperref Info: Driver (autodetected): hluatex.

("C:/Program Files/MiKTeX/tex/latex/hyperref/hluatex.def"
File: hluatex.def 2025-07-12 v7.01o Hyperref driver for luaTeX
\Fld@listcount=\count363
\c@bookmark@seq@number=\count364

("C:/Program Files/MiKTeX/tex/latex/rerunfilecheck/rerunfilecheck.sty"
Package: rerunfilecheck 2025-06-21 v1.11 Rerun checks for auxiliary files (HO)

("C:/Program Files/MiKTeX/tex/generic/uniquecounter/uniquecounter.sty"
Package: uniquecounter 2019/12/15 v1.4 Provide unlimited unique counter (HO)
)
Package uniquecounter Info: New unique counter `rerunfilecheck' on input line 2
84.
)
\Hy@SectionHShift=\skip65
)
("C:/Program Files/MiKTeX/tex/latex/cleveref/cleveref.sty"
Package: cleveref 2018/03/27 v0.21.4 Intelligent cross-referencing
Package cleveref Info: `hyperref' support loaded on input line 2370.
LaTeX Info: Redefining \cref on input line 2370.
LaTeX Info: Redefining \Cref on input line 2370.
LaTeX Info: Redefining \crefrange on input line 2370.
LaTeX Info: Redefining \Crefrange on input line 2370.
LaTeX Info: Redefining \cpageref on input line 2370.
LaTeX Info: Redefining \Cpageref on input line 2370.
LaTeX Info: Redefining \cpagerefrange on input line 2370.
LaTeX Info: Redefining \Cpagerefrange on input line 2370.
LaTeX Info: Redefining \labelcref on input line 2370.
LaTeX Info: Redefining \labelcpageref on input line 2370.
Package cleveref Info: `aliascnt' support loaded on input line 3193.
)
==> First Aid for cleveref.sty applied!
("C:/Program Files/MiKTeX/tex/latex/natbib/natbib.sty"
Package: natbib 2010/09/13 8.31b (PWD, AO)
\bibhang=\skip66
\bibsep=\skip67
LaTeX Info: Redefining \cite on input line 694.
\c@NAT@ctr=\count365
)
(./ids-performance-paper.aux
Package babel Info: 'english' activates 'ngerman' shorthands.
(babel)             Reported on input line 8.
)
\openout1 = ids-performance-paper.aux

LaTeX Font Info:    Checking defaults for OML/cmm/m/it on input line 83.
LaTeX Font Info:    ... okay on input line 83.
LaTeX Font Info:    Checking defaults for OMS/cmsy/m/n on input line 83.
LaTeX Font Info:    ... okay on input line 83.
LaTeX Font Info:    Checking defaults for OT1/cmr/m/n on input line 83.
LaTeX Font Info:    ... okay on input line 83.
LaTeX Font Info:    Checking defaults for T1/cmr/m/n on input line 83.
LaTeX Font Info:    ... okay on input line 83.
LaTeX Font Info:    Checking defaults for TS1/cmr/m/n on input line 83.
LaTeX Font Info:    ... okay on input line 83.
LaTeX Font Info:    Checking defaults for TU/lmr/m/n on input line 83.
LaTeX Font Info:    ... okay on input line 83.
LaTeX Font Info:    Checking defaults for OMX/cmex/m/n on input line 83.
LaTeX Font Info:    ... okay on input line 83.
LaTeX Font Info:    Checking defaults for U/cmr/m/n on input line 83.
LaTeX Font Info:    ... okay on input line 83.
LaTeX Font Info:    Checking defaults for PD1/pdf/m/n on input line 83.
LaTeX Font Info:    ... okay on input line 83.
LaTeX Font Info:    Checking defaults for PU/pdf/m/n on input line 83.
LaTeX Font Info:    ... okay on input line 83.
LaTeX Info: Redefining \microtypecontext on input line 83.
Package microtype Info: Applying patch `item' on input line 83.
Package microtype Info: Applying patch `toc' on input line 83.
Package microtype Info: Applying patch `eqnum' on input line 83.
Package microtype Info: Applying patch `footnote' on input line 83.
Package microtype Info: Applying patch `verbatim' on input line 83.
LaTeX Info: Redefining \microtypesetup on input line 83.
Package microtype Info: Generating PDF output.
Package microtype Info: Character protrusion enabled (level 2).
Package microtype Info: Using protrusion set `alltext-nott'.
Package microtype Info: Automatic font expansion enabled (level 2),
(microtype)             stretch: 20, shrink: 20, step: 1, non-selected.
Package microtype Info: Using expansion set `alltext'.
Package microtype Info: Patching command `\showhyphens'.
Package microtype Info: No adjustment of tracking.
Package microtype Info: No adjustment of spacing.
Package microtype Info: No adjustment of kerning.
Package microtype Info: Redefining babel's language switching commands.

("C:/Program Files/MiKTeX/tex/latex/microtype/mt-NewComputerModern.cfg"
File: mt-NewComputerModern.cfg 2021/11/09 v1.1 microtype config. file: New Comp
uter Modern (AT)
)
("C:/Program Files/MiKTeX/tex/context/base/mkii/supp-pdf.mkii"
[Loading MPS to PDF converter (version 2006.09.02).]
\scratchcounter=\count366
\scratchdimen=\dimen278
\scratchbox=\box111
\nofMPsegments=\count367
\nofMParguments=\count368
\everyMPshowfont=\toks35
\MPscratchCnt=\count369
\MPscratchDim=\dimen279
\MPnumerator=\count370
\makeMPintoPDFobject=\count371
\everyMPtoPDFconversion=\toks36
) ("C:/Program Files/MiKTeX/tex/latex/epstopdf-pkg/epstopdf-base.sty"
Package: epstopdf-base 2020-01-24 v2.11 Base part for package epstopdf

("C:/Program Files/MiKTeX/tex/latex/grfext/grfext.sty"
Package: grfext 2019/12/03 v1.3 Manage graphics extensions (HO)
)
Package epstopdf-base Info: Redefining graphics rule for `.eps' on input line 4
85.
Package grfext Info: Graphics extension search list:
(grfext)             [.pdf,.png,.jpg,.mps,.jpeg,.jbig2,.jb2,.PDF,.PNG,.JPG,.JPE
G,.JBIG2,.JB2,.eps]
(grfext)             \AppendGraphicsExtensions on input line 504.

("C:/Program Files/MiKTeX/tex/latex/00miktex/epstopdf-sys.cfg"
File: epstopdf-sys.cfg 2021/03/18 v2.0 Configuration of epstopdf for MiKTeX
))
Package hyperref Info: Link coloring OFF on input line 83.

(./ids-performance-paper.out) (./ids-performance-paper.out)
\@outlinefile=\write3

\openout3 = ids-performance-paper.out
 [1

{C:/Users/lizzardkink/AppData/Local/MiKTeX/fonts/map/pdftex/pdftex.map}]
Package babel Info: 'english' activates 'ngerman' shorthands.
(babel)             Reported on input line 159.
Package cleveref Info: loaded `english' language definitions on input line 159.

 [2]
Package cleveref Info: loaded `english' language definitions on input line 193.

 [3]
<figures/chart1_boot_time.pdf, id=56, 498.72322pt x 317.37032pt>
File: figures/chart1_boot_time.pdf Graphic file (type pdf)
<use figures/chart1_boot_time.pdf>
Package luatex.def Info: figures/chart1_boot_time.pdf  used on input line 228.
(luatex.def)             Requested size: 295.05711pt x 187.76503pt.
<figures/chart2_ram_usage.pdf, id=59, 498.79411pt x 317.37032pt>
File: figures/chart2_ram_usage.pdf Graphic file (type pdf)
<use figures/chart2_ram_usage.pdf>
Package luatex.def Info: figures/chart2_ram_usage.pdf  used on input line 258.
(luatex.def)             Requested size: 295.05711pt x 187.74081pt.
Package cleveref Info: loaded `english' language definitions on input line 261.

 [4]
Package cleveref Info: loaded `english' language definitions on input line 261.

 [5<./figures/chart1_boot_time.pdf>]
Package cleveref Info: loaded `english' language definitions on input line 307.

 [6<./figures/chart2_ram_usage.pdf>]
<figures/chart3_app_launch.pdf, id=252, 498.81357pt x 317.33644pt>
File: figures/chart3_app_launch.pdf Graphic file (type pdf)
<use figures/chart3_app_launch.pdf>
Package luatex.def Info: figures/chart3_app_launch.pdf  used on input line 313.

(luatex.def)             Requested size: 295.05711pt x 187.72076pt.

Underfull \vbox (badness 1057) has occurred while \output is active []

Package cleveref Info: loaded `english' language definitions on input line 338.

 [7<./figures/chart3_app_launch.pdf>]
<figures/chart4_network_performance.pdf, id=346, 860.30911pt x 318.39314pt>
File: figures/chart4_network_performance.pdf Graphic file (type pdf)
<use figures/chart4_network_performance.pdf>
Package luatex.def Info: figures/chart4_network_performance.pdf  used on input 
line 359.
(luatex.def)             Requested size: 347.12354pt x 128.46753pt.
Package cleveref Info: loaded `english' language definitions on input line 365.

 [8<./figures/chart4_network_performance.pdf>]
<figures/chart5_comprehensive_overhead.pdf, id=453, 681.22462pt x 423.36192pt>
File: figures/chart5_comprehensive_overhead.pdf Graphic file (type pdf)
<use figures/chart5_comprehensive_overhead.pdf>
Package luatex.def Info: figures/chart5_comprehensive_overhead.pdf  used on inp
ut line 392.
(luatex.def)             Requested size: 329.7663pt x 204.93622pt.
Package cleveref Info: loaded `english' language definitions on input line 399.


[9<./figures/chart5_comprehensive_overhead.pdf>]
Package cleveref Info: loaded `english' language definitions on input line 427.

 [10]
(./ids-performance-paper.bbl
Package cleveref Info: loaded `english' language definitions on input line 1.
 [11]
Underfull \hbox (badness 1748) in paragraph at lines 27--33
[]\TU/NewCM10-Regular.otf(0)/m/n/10 Tom’s Hard-ware: Best an-tivirus soft-ware
 2024: Per-for-mance im-pact
 []


Underfull \hbox (badness 1565) in paragraph at lines 35--43
[]\TU/NewCM10-Regular.otf(0)/m/n/10 Tom’s Hard-ware: How we test CPUs: Gam-ing
 and desk-top per-for-
 []

) [12

] (./ids-performance-paper.aux
Package cleveref Info: loaded `english' language definitions on input line 8.
)
 ***********
LaTeX2e <2025-11-01>
L3 programming layer <2025-12-24>
 ***********
Package rerunfilecheck Info: File `ids-performance-paper.out' has not changed.
(rerunfilecheck)             Checksum: BF050416BF69588BB239B53D63FA8719;758.
)

Here is how much of LuaTeX's memory you used:
 23554 strings out of 476081
 125240,1373583 words of node,token memory allocated
 1198 words of node memory still in use:
   10 hlist, 2 vlist, 2 rule, 5 disc, 1 local_par, 10 glue, 7 kern, 1 penalty, 5
1 glyph, 40 attribute, 65 glue_spec, 22 attribute_list, 1 write, 1 user_defined,
 4 pdf_action nodes
   avail lists: 1:3,2:1029,3:223,4:130,5:506,6:46,7:7408,8:76,9:409,10:19,11:700

 45487 multiletter control sequences out of 65536+600000
 96 fonts using 57534039 bytes
 86i,10n,93p,1017b,753s stack positions out of 10000i,1000n,20000p,200000b,200000s
<C:/Program Files/MiKTeX/fonts/opentype/public/newcomputermodern/NewCM10-Italic.
otf><C:/Program Files/MiKTeX/fonts/opentype/public/newcomputermodern/NewCM08-Reg
ular.otf><C:/Program Files/MiKTeX/fonts/opentype/public/newcomputermodern/NewCMM
ath-Regular.otf><C:/Program Files/MiKTeX/fonts/opentype/public/newcomputermodern
/NewCMMath-Regular.otf><C:/Program Files/MiKTeX/fonts/opentype/public/newcompute
rmodern/NewCMMono10-Regular.otf><C:/Program Files/MiKTeX/fonts/opentype/public/n
ewcomputermodern/NewCM10-Regular.otf><C:/Program Files/MiKTeX/fonts/opentype/pub
lic/newcomputermodern/NewCM10-Bold.otf>
Output written on ids-performance-paper.pdf (12 pages, 269703 bytes).

PDF statistics: 642 PDF objects out of 1000 (max. 8388607)
 62 named destinations out of 1000 (max. 1048576)
 9 words of extra memory for PDF output out of 10000 (max. 100000000)

